 furby xbox

 Timestamp is 4eb3165d (Thu Nov 03 23:31:57 2011)

 Preferred load address is 00400000

 Start         Length     Name                   Class
 0001:00000000 000d6f0aH .text                   CODE
 0001:000d6f10 00000437H .text$x                 CODE
 0001:000d7350 0000003fH .text$yc                CODE
 0001:000d7390 0000005eH .text$yd                CODE
 0002:00000000 0000cf40H D3D                     CODE
 0002:0000cf40 000013e0H D3D_RD                  CODE
 0002:0000e320 000038bcH D3D_URW                 CODE
 0003:00000000 0000579fH D3DX                    CODE
 0003:000057a0 00000ee0H D3DX_RD                 CODE
 0004:00000000 00007044H DSOUND                  CODE
 0004:00007048 00000424H DSOUND_RD               CODE
 0004:00007470 000006c0H DSOUND_RW               CODE
 0004:00007b30 000001d4H DSOUND_URW              CODE
 0005:00000000 00000004H .XID$A                  CODE
 0005:00000004 00000004H .XID$Gamepad            CODE
 0005:00000008 00000004H .XID$IrRemote           CODE
 0005:0000000c 00000004H .XID$Keyboard           CODE
 0005:00000010 00000004H .XID$Mouse              CODE
 0005:00000014 00000004H .XID$ZZZ                CODE
 0005:00000018 00000004H .XPP$ClassA             CODE
 0005:0000001c 00000008H .XPP$ClassXID           CODE
 0005:00000024 00000004H .XPP$ClassZZHub         CODE
 0005:00000028 00000004H .XPP$ClassZZZ           CODE
 0005:0000002c 00000001H .XPP$DATA               CODE
 0005:00000030 000002b4H .XPP$Data               CODE
 0005:000002e4 00000cccH .XPPCINIT               CODE
 0005:00000fb0 0000599aH .XPPCODE                CODE
 0006:00000000 000001acH .idata$5                DATA
 0006:000001b0 0002f3acH .rdata                  DATA
 0006:0002f55c 00000050H .rdata$debug            DATA
 0006:0002f5ac 000005e0H .xdata$x                DATA
 0006:0002fb8c 00000000H .edata                  DATA
 0007:00000000 00000004H .CRT$RIA                DATA
 0007:00000004 00000004H .CRT$RII10              DATA
 0007:00000008 00000004H .CRT$RII20              DATA
 0007:0000000c 00000004H .CRT$RIZ                DATA
 0007:00000010 00000004H .CRT$XCA                DATA
 0007:00000014 00000004H .CRT$XCAA               DATA
 0007:00000018 00000018H .CRT$XCU                DATA
 0007:00000030 00000004H .CRT$XCZ                DATA
 0007:00000034 00000004H .CRT$XIA                DATA
 0007:00000038 0000000cH .CRT$XIC                DATA
 0007:00000044 00000004H .CRT$XIY                DATA
 0007:00000048 00000004H .CRT$XIZ                DATA
 0007:0000004c 00000004H .CRT$XPA                DATA
 0007:00000050 00000008H .CRT$XPX                DATA
 0007:00000058 00000004H .CRT$XPZ                DATA
 0007:0000005c 00000004H .CRT$XTA                DATA
 0007:00000060 00000004H .CRT$XTB                DATA
 0007:00000064 00000004H .CRT$XTZ                DATA
 0007:00000068 00000004H .XAPI$LNA               DATA
 0007:0000006c 00000004H .XAPI$LNZ               DATA
 0007:00000070 00017de8H .data                   DATA
 0007:00017e60 00037358H .bss                    DATA
 0008:00000000 00007180H DOLBY                   DATA
 0009:00000000 00000014H .idata$2                CODE
 0009:00000014 00000014H .idata$3                CODE
 0009:00000028 000001acH .idata$4                CODE
 0009:000001d4 0000000eH .idata$6                CODE
 000a:00000000 00000010H .XBLD$A                 DATA
 000a:00000010 00000080H .XBLD$V                 DATA
 000b:00000000 00000001H .tls                    DATA
 000b:00000008 00000088H .tls$                   DATA
 000b:00000090 00000001H .tls$ZZZ                DATA

  Address         Publics by Value              Rva+Base     Lib:Object

 0000:00000000       ___safe_se_handler_table   00000000     <absolute>
 0000:00000000       __except_list              00000000     <absolute>
 0000:00000000       ___safe_se_handler_count   00000000     <absolute>
 0000:00000004       __tls_array                00000004     <absolute>
 0001:00000000       ??0Door@@QAE@HHPAVRaycaster@@_N@Z 004003c0 f   Door.obj
 0001:00000060       ?IsOpen@Door@@QAE_NXZ      00400420 f   Door.obj
 0001:00000070       ?GetPos@Door@@QAEXPAH0@Z   00400430 f   Door.obj
 0001:00000090       ?SetOpenedWidth@Door@@QAEXM@Z 00400450 f   Door.obj
 0001:00000110       ?GetOpenedWidth@Door@@QAEMXZ 004004d0 f   Door.obj
 0001:00000120       ?SetClosing@Door@@QAEX_N@Z 004004e0 f   Door.obj
 0001:00000160       ?GetClosing@Door@@QAE_NXZ  00400520 f   Door.obj
 0001:00000170       ?SetOpening@Door@@QAEX_N@Z 00400530 f   Door.obj
 0001:000001b0       ?GetOpening@Door@@QAE_NXZ  00400570 f   Door.obj
 0001:000001c0       ?Update@Door@@QAEXMM@Z     00400580 f   Door.obj
 0001:000002d0       ?IsLockedDoor@Door@@QAE_NXZ 00400690 f   Door.obj
 0001:000002e0       ??1Shot@@UAE@XZ            004006a0 f i Furby.obj
 0001:000002e0       ??1Sprite@@UAE@XZ          004006a0 f i Furby.obj
 0001:000002e0       ??1SkullShot@@UAE@XZ       004006a0 f i Furby.obj
 0001:000002e0       ??1SKDeathAnimation@@UAE@XZ 004006a0 f i Furby.obj
 0001:000002e0       ??1DeathAnimation@@UAE@XZ  004006a0 f i Furby.obj
 0001:000002e0       ??1Skull@@UAE@XZ           004006a0 f i Furby.obj
 0001:000002e0       ??1Furby@@UAE@XZ           004006a0 f i Furby.obj
 0001:000002f0       ??_GSprite@@UAEPAXI@Z      004006b0 f i Furby.obj
 0001:000002f0       ??_ESprite@@UAEPAXI@Z      004006b0 f i Furby.obj
 0001:00000310       ??0Furby@@QAE@QAPAUSDL_Surface@@PAU1@MMPAV?$list@PAVSprite@@V?$allocator@PAVSprite@@@std@@@std@@@Z 004006d0 f   Furby.obj
 0001:000003d0       ?SetVisible@Furby@@QAEX_N@Z 00400790 f   Furby.obj
 0001:000003e0       ?IsDead@Furby@@QAE_NXZ     004007a0 f   Furby.obj
 0001:000003f0       ??0Shot@@QAE@PAUSDL_Surface@@MMMM@Z 004007b0 f   Furby.obj
 0001:000004a0       ?Update@Shot@@UAEXPAVRaycaster@@@Z 00400860 f   Furby.obj
 0001:00000520       ??0DeathAnimation@@QAE@QAPAUSDL_Surface@@MM@Z 004008e0 f   Furby.obj
 0001:000005c0       ?Update@DeathAnimation@@UAEXXZ 00400980 f   Furby.obj
 0001:000005c0       ?Update@SKDeathAnimation@@UAEXXZ 00400980 f   Furby.obj
 0001:00000610       ??0SKDeathAnimation@@QAE@QAPAUSDL_Surface@@MM@Z 004009d0 f   Furby.obj
 0001:000006b0       ?HasEnded@SKDeathAnimation@@QAE_NXZ 00400a70 f   Furby.obj
 0001:000006b0       ?HasEnded@DeathAnimation@@QAE_NXZ 00400a70 f   Furby.obj
 0001:000006c0       ??0Skull@@QAE@QAPAUSDL_Surface@@PAU1@MMPAV?$list@PAVSprite@@V?$allocator@PAVSprite@@@std@@@std@@@Z 00400a80 f   Furby.obj
 0001:00000790       ?SetVisible@Skull@@QAEX_N@Z 00400b50 f   Furby.obj
 0001:000007a0       ?IsDead@Skull@@QAE_NXZ     00400b60 f   Furby.obj
 0001:000007b0       ??0SkullShot@@QAE@PAUSDL_Surface@@MMMM@Z 00400b70 f   Furby.obj
 0001:00000860       ?Update@SkullShot@@UAEXPAVRaycaster@@@Z 00400c20 f   Furby.obj
 0001:000008e0       ?IsVanished@SkullShot@@QAE_NXZ 00400ca0 f   Furby.obj
 0001:000008e0       ?IsVanished@Shot@@QAE_NXZ  00400ca0 f   Furby.obj
 0001:000008f0       ?NextImage@Furby@@QAEXXZ   00400cb0 f   Furby.obj
 0001:00000920       ??_GShot@@UAEPAXI@Z        00400ce0 f i Furby.obj
 0001:00000920       ??_EFurby@@UAEPAXI@Z       00400ce0 f i Furby.obj
 0001:00000920       ??_GFurby@@UAEPAXI@Z       00400ce0 f i Furby.obj
 0001:00000920       ??_ESKDeathAnimation@@UAEPAXI@Z 00400ce0 f i Furby.obj
 0001:00000920       ??_EDeathAnimation@@UAEPAXI@Z 00400ce0 f i Furby.obj
 0001:00000920       ??_GSKDeathAnimation@@UAEPAXI@Z 00400ce0 f i Furby.obj
 0001:00000920       ??_GSkull@@UAEPAXI@Z       00400ce0 f i Furby.obj
 0001:00000920       ??_ESkullShot@@UAEPAXI@Z   00400ce0 f i Furby.obj
 0001:00000920       ??_GDeathAnimation@@UAEPAXI@Z 00400ce0 f i Furby.obj
 0001:00000920       ??_ESkull@@UAEPAXI@Z       00400ce0 f i Furby.obj
 0001:00000920       ??_EShot@@UAEPAXI@Z        00400ce0 f i Furby.obj
 0001:00000920       ??_GSkullShot@@UAEPAXI@Z   00400ce0 f i Furby.obj
 0001:00000940       ?NextImage@Skull@@QAEXXZ   00400d00 f   Furby.obj
 0001:00000970       ?erase@?$basic_string@DU?$char_traits@D@std@@V?$allocator@D@2@@std@@QAEAAV12@II@Z 00400d30 f i Furby.obj
 0001:000009f0       ?_Copy@?$basic_string@DU?$char_traits@D@std@@V?$allocator@D@2@@std@@IAEXII@Z 00400db0 f i Furby.obj
 0001:00000b30       ??1?$basic_string@DU?$char_traits@D@std@@V?$allocator@D@2@@std@@QAE@XZ 00400ef0 f i Furby.obj
 0001:00000b60       ??1length_error@std@@UAE@XZ 00400f20 f i Furby.obj
 0001:00000b60       ??1logic_error@std@@UAE@XZ 00400f20 f i Furby.obj
 0001:00000ba0       ?what@logic_error@std@@UBEPBDXZ 00400f60 f i Furby.obj
 0001:00000bb0       ??_Elength_error@std@@UAEPAXI@Z 00400f70 f i Furby.obj
 0001:00000bb0       ??_Elogic_error@std@@UAEPAXI@Z 00400f70 f i Furby.obj
 0001:00000bb0       ??_Glogic_error@std@@UAEPAXI@Z 00400f70 f i Furby.obj
 0001:00000bb0       ??_Glength_error@std@@UAEPAXI@Z 00400f70 f i Furby.obj
 0001:00000bd0       ?assign@?$basic_string@DU?$char_traits@D@std@@V?$allocator@D@2@@std@@QAEAAV12@ABV12@II@Z 00400f90 f i Furby.obj
 0001:00000cc0       ?assign@?$basic_string@DU?$char_traits@D@std@@V?$allocator@D@2@@std@@QAEAAV12@PBDI@Z 00401080 f i Furby.obj
 0001:00000db0       ??0logic_error@std@@QAE@ABV?$basic_string@DU?$char_traits@D@std@@V?$allocator@D@2@@1@@Z 00401170 f i Furby.obj
 0001:00000e10       ??0?$basic_string@DU?$char_traits@D@std@@V?$allocator@D@2@@std@@QAE@PBD@Z 004011d0 f i Furby.obj
 0001:00000e50       ?_Incsize@?$list@PAVSprite@@V?$allocator@PAVSprite@@@std@@@std@@IAEXI@Z 00401210 f i Furby.obj
 0001:00000ef0       ??0logic_error@std@@QAE@ABV01@@Z 004012b0 f i Furby.obj
 0001:00000f60       ??0length_error@std@@QAE@ABV01@@Z 00401320 f i Furby.obj
 0001:00000f80       ?push_back@?$list@PAVSprite@@V?$allocator@PAVSprite@@@std@@@std@@QAEXABQAVSprite@@@Z 00401340 f i Furby.obj
 0001:00000fc0       ?Update@Furby@@UAEXPAVRaycaster@@@Z 00401380 f   Furby.obj
 0001:00001200       ?Update@Skull@@UAEXPAVRaycaster@@@Z 004015c0 f   Furby.obj
 0001:00001440       ??0FrameworkSetup@@QAE@XZ  00401800 f i Main.obj
 0001:000014a0       ??_EState@@UAEPAXI@Z       00401860 f i Main.obj
 0001:000014a0       ??_GState@@UAEPAXI@Z       00401860 f i Main.obj
 0001:000014c0       ?ParseArgs@@YA_NHPAPADPA_N1PAD111@Z 00401880 f   Main.obj
 0001:00001650       ??_GSplash@@UAEPAXI@Z      00401a10 f i Main.obj
 0001:00001650       ??_ESplash@@UAEPAXI@Z      00401a10 f i Main.obj
 0001:00001670       ??1Splash@@UAE@XZ          00401a30 f i Main.obj
 0001:00001670       ??1State@@UAE@XZ           00401a30 f i Main.obj
 0001:00001680       _main                      00401a40 f   Main.obj
 0001:000018d0       ??0Player@@QAE@XZ          00401c90 f   Player.obj
 0001:000018f0       ?GetHealth@Player@@QAEHXZ  00401cb0 f   Player.obj
 0001:00001900       ?SetHealth@Player@@QAEXH@Z 00401cc0 f   Player.obj
 0001:00001910       ?GetAmmo@Player@@QAEHXZ    00401cd0 f   Player.obj
 0001:00001920       ?SetAmmo@Player@@QAEXH@Z   00401ce0 f   Player.obj
 0001:00001930       ?DecrementAmmo@Player@@QAEXH@Z 00401cf0 f   Player.obj
 0001:00001940       ?IncrementAmmo@Player@@QAEXH@Z 00401d00 f   Player.obj
 0001:00001950       ?IncrementHealth@Player@@QAEXH@Z 00401d10 f   Player.obj
 0001:00001970       ?DecrementHealth@Player@@QAEXH@Z 00401d30 f   Player.obj
 0001:00001990       ?HasKey@Player@@QAE_NXZ    00401d50 f   Player.obj
 0001:000019a0       ?SetHasKey@Player@@QAEX_N@Z 00401d60 f   Player.obj
 0001:000019b0       ?HasMachineGun@Player@@QAE_NXZ 00401d70 f   Player.obj
 0001:000019c0       ?SetHasMachineGun@Player@@QAEX_N@Z 00401d80 f   Player.obj
 0001:000019d0       ?SetWeapon@Player@@QAEXH@Z 00401d90 f   Player.obj
 0001:00001a10       ?GetMGAmmo@Player@@QAEHXZ  00401dd0 f   Player.obj
 0001:00001a20       ?SetMGAmmo@Player@@QAEXH@Z 00401de0 f   Player.obj
 0001:00001a30       ?DecrementMGAmmo@Player@@QAEXH@Z 00401df0 f   Player.obj
 0001:00001a40       ?IncrementMGAmmo@Player@@QAEXH@Z 00401e00 f   Player.obj
 0001:00001a50       ?ClearMap@Raycaster@@QAEXXZ 00401e10 f   Raycaster.obj
 0001:00001a90       ?GetPosX@Raycaster@@QBEMXZ 00401e50 f   Raycaster.obj
 0001:00001aa0       ?GetPosY@Raycaster@@QBEMXZ 00401e60 f   Raycaster.obj
 0001:00001ab0       ?SetAlpha@Raycaster@@QAEXM@Z 00401e70 f   Raycaster.obj
 0001:00001ba0       ?Rotate@Raycaster@@QAEXM@Z 00401f60 f   Raycaster.obj
 0001:00001ca0       ?DrawWallSlice@Raycaster@@AAEXHHHM_N@Z 00402060 f   Raycaster.obj
 0001:00001d90       ?GetMapValueAt@Raycaster@@QAEHHH@Z 00402150 f   Raycaster.obj
 0001:00001dd0       ?MapChangeNeeded@Raycaster@@QAE_NXZ 00402190 f   Raycaster.obj
 0001:00001de0       ?SetMapValueAt@Raycaster@@QAEXHHH@Z 004021a0 f   Raycaster.obj
 0001:00001e10       ?clear@?$list@VDoor@@V?$allocator@VDoor@@@std@@@std@@QAEXXZ 004021d0 f i Raycaster.obj
 0001:00001e10       ?clear@?$list@USprDraw@@V?$allocator@USprDraw@@@std@@@std@@QAEXXZ 004021d0 f i Raycaster.obj
 0001:00001e10       ?clear@?$list@PAVState@@V?$allocator@PAVState@@@std@@@std@@QAEXXZ 004021d0 f i x_Framework.obj
 0001:00001e10       ?clear@?$list@UTextMessage@@V?$allocator@UTextMessage@@@std@@@std@@QAEXXZ 004021d0 f i x_Game.obj
 0001:00001e10       ?clear@?$list@PAVSprite@@V?$allocator@PAVSprite@@@std@@@std@@QAEXXZ 004021d0 f i x_Game.obj
 0001:00001e50       ?_Buynode@?$list@USprDraw@@V?$allocator@USprDraw@@@std@@@std@@IAEPAU_Node@?$_List_nod@USprDraw@@V?$allocator@USprDraw@@@std@@@2@XZ 00402210 f i Raycaster.obj
 0001:00001e70       ?_Buynode@?$list@VDoor@@V?$allocator@VDoor@@@std@@@std@@IAEPAU_Node@?$_List_nod@VDoor@@V?$allocator@VDoor@@@std@@@2@XZ 00402230 f i Raycaster.obj
 0001:00001e90       ?_Buynode@?$list@USprDraw@@V?$allocator@USprDraw@@@std@@@std@@IAEPAU_Node@?$_List_nod@USprDraw@@V?$allocator@USprDraw@@@std@@@2@PAU342@0ABUSprDraw@@@Z 00402250 f i Raycaster.obj
 0001:00001ee0       ?_Buynode@?$list@VDoor@@V?$allocator@VDoor@@@std@@@std@@IAEPAU_Node@?$_List_nod@VDoor@@V?$allocator@VDoor@@@std@@@2@PAU342@0ABVDoor@@@Z 004022a0 f i Raycaster.obj
 0001:00001f10       ?UpdateDoors@Raycaster@@AAEXXZ 004022d0 f   Raycaster.obj
 0001:00001f80       ?GetDoorAt@Raycaster@@AAEPAVDoor@@HH@Z 00402340 f   Raycaster.obj
 0001:00002010       ?erase@?$list@PAVSprite@@V?$allocator@PAVSprite@@@std@@@std@@QAE?AViterator@12@V312@@Z 004023d0 f i Raycaster.obj
 0001:00002050       ??1Raycaster@@QAE@XZ       00402410 f   Raycaster.obj
 0001:000020c0       ?OpenDoor@Raycaster@@QAEX_NPA_N@Z 00402480 f   Raycaster.obj
 0001:00002240       ?CastThroughIntersections@Raycaster@@AAEMMW4IntersectionDir@1@PAHPAM@Z 00402600 f   Raycaster.obj
 0001:000026e0       ?CheckCollWithSprite@Raycaster@@AAE_NPA_NPAH@Z 00402aa0 f   Raycaster.obj
 0001:000027b0       ??0?$list@USprDraw@@V?$allocator@USprDraw@@@std@@@std@@QAE@XZ 00402b70 f i Raycaster.obj
 0001:000027d0       ?MoveForward@Raycaster@@QAEXMPA_NPAH@Z 00402b90 f   Raycaster.obj
 0001:000029f0       ?MoveBackward@Raycaster@@QAEXMPA_NPAH@Z 00402db0 f   Raycaster.obj
 0001:00002c10       ?StepRight@Raycaster@@QAEXMPA_NPAH@Z 00402fd0 f   Raycaster.obj
 0001:00002e50       ?StepLeft@Raycaster@@QAEXMPA_NPAH@Z 00403210 f   Raycaster.obj
 0001:00003090       ?_Incsize@?$list@USprDraw@@V?$allocator@USprDraw@@@std@@@std@@IAEXI@Z 00403450 f i Raycaster.obj
 0001:00003130       ?_Incsize@?$list@VDoor@@V?$allocator@VDoor@@@std@@@std@@IAEXI@Z 004034f0 f i Raycaster.obj
 0001:000031d0       ?LoadMap@Raycaster@@QAEXPBD@Z 00403590 f   Raycaster.obj
 0001:00003430       ?_Splice@?$list@USprDraw@@V?$allocator@USprDraw@@@std@@@std@@QAEXViterator@12@AAV12@00I@Z 004037f0 f i Raycaster.obj
 0001:00003480       ??0Raycaster@@QAE@PAURaycasterSetup@@@Z 00403840 f   Raycaster.obj
 0001:000036e0       ?merge@?$list@USprDraw@@V?$allocator@USprDraw@@@std@@@std@@QAEXAAV12@@Z 00403aa0 f i Raycaster.obj
 0001:00003790       ?sort@?$list@USprDraw@@V?$allocator@USprDraw@@@std@@@std@@QAEXXZ 00403b50 f i Raycaster.obj
 0001:000039b0       ?DrawSprites@Raycaster@@AAEXXZ 00403d70 f   Raycaster.obj
 0001:00003e10       ?Draw@Raycaster@@QAEXXZ    004041d0 f   Raycaster.obj
 0001:000040b0       ?Init@Splash@@UAEXXZ       00404470 f   Splash.obj
 0001:00004160       ?Quit@Splash@@UAEXXZ       00404520 f   Splash.obj
 0001:000041b0       ?Input@Splash@@UAEXXZ      00404570 f   Splash.obj
 0001:00004200       ?Update@Splash@@UAEXXZ     004045c0 f   Splash.obj
 0001:00004240       ?Draw@Splash@@UAEXXZ       00404600 f   Splash.obj
 0001:00004300       ??0Sprite@@QAE@PAUSDL_Surface@@MMH@Z 004046c0 f   Sprite.obj
 0001:00004340       ?SetPos@Sprite@@QAEXMM@Z   00404700 f   Sprite.obj
 0001:00004360       ?GetPosX@Sprite@@QBEMXZ    00404720 f   Sprite.obj
 0001:00004370       ?GetPosY@Sprite@@QBEMXZ    00404730 f   Sprite.obj
 0001:00004380       ?SetImage@Sprite@@QAEXPAUSDL_Surface@@@Z 00404740 f   Sprite.obj
 0001:00004390       ?GetImage@Sprite@@QAEPAUSDL_Surface@@XZ 00404750 f   Sprite.obj
 0001:000043a0       ?SetId@Sprite@@QAEXH@Z     00404760 f   Sprite.obj
 0001:000043b0       ?GetWeapon@Player@@QAEHXZ  00404770 f   Player.obj
 0001:000043b0       ?GetId@Sprite@@QAEHXZ      00404770 f   Sprite.obj
 0001:000043c0       ?PointCollWith@Sprite@@QAE_NMM@Z 00404780 f   Sprite.obj
 0001:00004440       ?SetLookingAt@Sprite@@QAEX_N@Z 00404800 f   Sprite.obj
 0001:00004450       ?GetLookingAt@Sprite@@QAE_NXZ 00404810 f   Sprite.obj
 0001:00004460       ?Error@Framework@@QAEXPBD@Z 00404820 f   x_Framework.obj
 0001:00004490       ?DrawPixel@Framework@@QAE_NHHI@Z 00404850 f   x_Framework.obj
 0001:00004550       ?GetPixelColor@Framework@@QBEIPAUSDL_Surface@@HH@Z 00404910 f   x_Framework.obj
 0001:000045f0       ?LoadImage@Framework@@QAEPAUSDL_Surface@@PBD_N@Z 004049b0 f   x_Framework.obj
 0001:000046c0       ?LockScreen@Framework@@QAEXXZ 00404a80 f   x_Framework.obj
 0001:000046e0       ?UnlockScreen@Framework@@QAEXXZ 00404aa0 f   x_Framework.obj
 0001:00004700       ?GetScreen@Framework@@QAEPAUSDL_Surface@@XZ 00404ac0 f   x_Framework.obj
 0001:00004710       ?GetScrW@Framework@@QBEHXZ 00404ad0 f   x_Framework.obj
 0001:00004720       ?GetScrH@Framework@@QBEHXZ 00404ae0 f   x_Framework.obj
 0001:00004730       ?FillRect@Framework@@QAEXPAUSDL_Rect@@I@Z 00404af0 f   x_Framework.obj
 0001:00004750       ?KeyPressed@Framework@@QAE_NH_N@Z 00404b10 f   x_Framework.obj
 0001:000047a0       ?GetJButton@Framework@@QAEHHH@Z 00404b60 f   x_Framework.obj
 0001:000047d0       ?GetAxis@Framework@@QAEMHH@Z 00404b90 f   x_Framework.obj
 0001:00004820       ?GetAxisAWPositive@Framework@@QAEMHH@Z 00404be0 f   x_Framework.obj
 0001:00004880       ?JButtonState@Framework@@QAEHHH@Z 00404c40 f   x_Framework.obj
 0001:000048f0       ?GetHatCentered@Framework@@QAE_NH@Z 00404cb0 f   x_Framework.obj
 0001:00004920       ?GetHatWhich@Framework@@QAEHHH@Z 00404ce0 f   x_Framework.obj
 0001:00004940       ?GetColor@Framework@@QAEIHHH@Z 00404d00 f   x_Framework.obj
 0001:00004970       ?GetMagenta@Framework@@QBEIXZ 00404d30 f   x_Framework.obj
 0001:00004980       ?Draw@Framework@@QAEXPAUSDL_Surface@@HH@Z 00404d40 f   x_Framework.obj
 0001:000049d0       ?DrawCentered@Framework@@QAEXPAUSDL_Surface@@@Z 00404d90 f   x_Framework.obj
 0001:00004a30       ?DrawTextToSurface@Framework@@QAEPAUSDL_Surface@@PBDUColor@@_N@Z 00404df0 f   x_Framework.obj
 0001:00004a70       ?CountRowsInFile@Framework@@QAEHPBD@Z 00404e30 f   x_Framework.obj
 0001:00004b10       ?CountColsInFile@Framework@@QAEHPBD@Z 00404ed0 f   x_Framework.obj
 0001:00004bb0       ?GetMouseMovement@Framework@@QAEXPAH0@Z 00404f70 f   x_Framework.obj
 0001:00004bd0       ?FileExists@Framework@@QAE_NPBD@Z 00404f90 f   x_Framework.obj
 0001:00004c00       ?GetFrameTime@Framework@@QAEMXZ 00404fc0 f   x_Framework.obj
 0001:00004c10       ?ButtonPressed@Framework@@QAE_NW4MouseButton@@@Z 00404fd0 f   x_Framework.obj
 0001:00004c30       ?LoadMusic@Framework@@QAEPAU_Mix_Music@@PBD@Z 00404ff0 f   x_Framework.obj
 0001:00004cf0       ?LoadSound@Framework@@QAEPAUMix_Chunk@@PBD@Z 004050b0 f   x_Framework.obj
 0001:00004dc0       ?Coll@Framework@@QAE_NPAUSDL_Rect@@0@Z 00405180 f   x_Framework.obj
 0001:00004e20       ?PlaySound@Framework@@QAEHPAUMix_Chunk@@H@Z 004051e0 f   x_Framework.obj
 0001:00004e50       ?PlayMusic@Framework@@QAEXPAU_Mix_Music@@H@Z 00405210 f   x_Framework.obj
 0001:00004e70       ?GetNoSound@Framework@@QBE_NXZ 00405230 f   x_Framework.obj
 0001:00004e80       ?GlobalSounds@Framework@@QAEXXZ 00405240 f   x_Framework.obj
 0001:00004eb0       ?ArmMovmeantH@Framework@@QAEHXZ 00405270 f   x_Framework.obj
 0001:00004ff0       ?ArmMovmeantW@Framework@@QAEHXZ 004053b0 f   x_Framework.obj
 0001:00005130       ?xbox_SetScreenPosition@Framework@@QAEHMM@Z 004054f0 f   x_Framework.obj
 0001:00005190       ?xbox_SetScreenStretch@Framework@@QAEHMM@Z 00405550 f   x_Framework.obj
 0001:000051f0       ?ToUint32@Color@@QAEIXZ    004055b0 f   x_Framework.obj
 0001:00005220       ?DrawText@Framework@@QAEXPBDHHUColor@@_N@Z 004055e0 f   x_Framework.obj
 0001:000052b0       ?DrawTextCentered@Framework@@QAEXPBDUColor@@_N@Z 00405670 f   x_Framework.obj
 0001:00005310       ?ShowFPS@Framework@@QAEXXZ 004056d0 f   x_Framework.obj
 0001:00005440       ?Debug@Framework@@QAEX_N@Z 00405800 f   x_Framework.obj
 0001:00005890       ?_Buynode@?$list@PAVSprite@@V?$allocator@PAVSprite@@@std@@@std@@IAEPAU_Node@?$_List_nod@PAVSprite@@V?$allocator@PAVSprite@@@std@@@2@PAU342@0ABQAVSprite@@@Z 00405c50 f i Furby.obj
 0001:00005890       ?_Buynode@?$list@PAVState@@V?$allocator@PAVState@@@std@@@std@@IAEPAU_Node@?$_List_nod@PAVState@@V?$allocator@PAVState@@@std@@@2@PAU342@0ABQAVState@@@Z 00405c50 f i x_Framework.obj
 0001:000058c0       ?Run@Framework@@QAEXXZ     00405c80 f   x_Framework.obj
 0001:000059f0       ??0Framework@@QAE@PAUFrameworkSetup@@@Z 00405db0 f   x_Framework.obj
 0001:00005ce0       ??1Framework@@QAE@XZ       004060a0 f   x_Framework.obj
 0001:00005e20       ?_Incsize@?$list@PAVState@@V?$allocator@PAVState@@@std@@@std@@IAEXI@Z 004061e0 f i x_Framework.obj
 0001:00005ec0       ?AddState@Framework@@QAEXPAVState@@@Z 00406280 f   x_Framework.obj
 0001:00005f00       ?LoadResources@Game@@AAEXXZ 004062c0 f   x_Game.obj
 0001:00006680       ?FreeResources@Game@@AAEXXZ 00406a40 f   x_Game.obj
 0001:00006830       ?DrawHUD@Game@@AAEXXZ      00406bf0 f   x_Game.obj
 0001:00006d80       ?GameOver@Game@@AAEXXZ     00407140 f   x_Game.obj
 0001:00006df0       ?_Buynode@?$list@PAVSprite@@V?$allocator@PAVSprite@@@std@@@std@@IAEPAU_Node@?$_List_nod@PAVSprite@@V?$allocator@PAVSprite@@@std@@@2@XZ 004071b0 f i x_Game.obj
 0001:00006df0       ?_Buynode@?$list@PAVState@@V?$allocator@PAVState@@@std@@@std@@IAEPAU_Node@?$_List_nod@PAVState@@V?$allocator@PAVState@@@std@@@2@XZ 004071b0 f i x_Framework.obj
 0001:00006e10       ?_Buynode@?$list@UTextMessage@@V?$allocator@UTextMessage@@@std@@@std@@IAEPAU_Node@?$_List_nod@UTextMessage@@V?$allocator@UTextMessage@@@std@@@2@XZ 004071d0 f i x_Game.obj
 0001:00006e30       ?_Buynode@?$list@UTextMessage@@V?$allocator@UTextMessage@@@std@@@std@@IAEPAU_Node@?$_List_nod@UTextMessage@@V?$allocator@UTextMessage@@@std@@@2@PAU342@0ABUTextMessage@@@Z 004071f0 f i x_Game.obj
 0001:00006e70       ?Quit@Game@@UAEXXZ         00407230 f   x_Game.obj
 0001:00006f20       ?DrawMessages@Game@@AAEXXZ 004072e0 f   x_Game.obj
 0001:00006fa0       ??1?$list@USprDraw@@V?$allocator@USprDraw@@@std@@@std@@QAE@XZ 00407360 f i Raycaster.obj
 0001:00006fa0       ??1?$list@PAVState@@V?$allocator@PAVState@@@std@@@std@@QAE@XZ 00407360 f i x_Framework.obj
 0001:00006fa0       ??1?$list@PAVSprite@@V?$allocator@PAVSprite@@@std@@@std@@QAE@XZ 00407360 f i x_Game.obj
 0001:00006fa0       ??1?$list@VDoor@@V?$allocator@VDoor@@@std@@@std@@QAE@XZ 00407360 f i Raycaster.obj
 0001:00006fc0       ?remove@?$list@PAVSprite@@V?$allocator@PAVSprite@@@std@@@std@@QAEXABQAVSprite@@@Z 00407380 f i x_Game.obj
 0001:00007010       ?Draw@Game@@UAEXXZ         004073d0 f   x_Game.obj
 0001:000070a0       ?UpdateMessages@Game@@AAEXXZ 00407460 f   x_Game.obj
 0001:00007100       ??0Game@@QAE@PBD_N1@Z      004074c0 f   x_Game.obj
 0001:00007230       ??_EGame@@UAEPAXI@Z        004075f0 f i x_Game.obj
 0001:00007230       ??_GGame@@UAEPAXI@Z        004075f0 f i x_Game.obj
 0001:00007250       ??1Game@@UAE@XZ            00407610 f i x_Game.obj
 0001:000072b0       ?_Incsize@?$list@UTextMessage@@V?$allocator@UTextMessage@@@std@@@std@@IAEXI@Z 00407670 f i x_Game.obj
 0001:00007350       ?LoadSpriteMap@Game@@AAEXPBD@Z 00407710 f   x_Game.obj
 0001:00007670       ?NextMap@Game@@AAEXXZ      00407a30 f   x_Game.obj
 0001:00007be0       ?AddMessage@Game@@AAEXPBD@Z 00407fa0 f   x_Game.obj
 0001:00007c70       ?Init@Game@@UAEXXZ         00408030 f   x_Game.obj
 0001:00007e80       ?Update@Game@@UAEXXZ       00408240 f   x_Game.obj
 0001:00008330       ?reverse@?$list@USprDraw@@V?$allocator@USprDraw@@@std@@@std@@QAEXXZ 004086f0 f i x_Game.obj
 0001:00008380       ?Shoot@Game@@AAEXXZ        00408740 f   x_Game.obj
 0001:000089a0       ?Input@Game@@UAEXXZ        00408d60 f   x_Game.obj
 0001:00009690       _SDL_StartTicks            00409a50 f   libsdlx:SDL_systimer.obj
 0001:000096b0       _SDL_GetTicks              00409a70 f   libsdlx:SDL_systimer.obj
 0001:00009730       _SDL_Delay                 00409af0 f   libsdlx:SDL_systimer.obj
 0001:00009750       _SDL_SYS_TimerInit         00409b10 f   libsdlx:SDL_systimer.obj
 0001:00009790       _SDL_SYS_TimerQuit         00409b50 f   libsdlx:SDL_systimer.obj
 0001:000097a0       _SDL_SYS_StartTimer        00409b60 f   libsdlx:SDL_systimer.obj
 0001:000097c0       _SDL_SetColorKey           00409b80 f   libsdlx:SDL_surface.obj
 0001:000098b0       _SDL_SetAlpha              00409c70 f   libsdlx:SDL_surface.obj
 0001:00009a50       _SDL_SetClipRect           00409e10 f   libsdlx:SDL_surface.obj
 0001:00009ab0       _SDL_LowerBlit             00409e70 f   libsdlx:SDL_surface.obj
 0001:00009bb0       _SDL_UpperBlit             00409f70 f   libsdlx:SDL_surface.obj
 0001:00009d50       _SDL_LockSurface           0040a110 f   libsdlx:SDL_surface.obj
 0001:00009db0       _SDL_UnlockSurface         0040a170 f   libsdlx:SDL_surface.obj
 0001:00009e00       _SDL_FreeSurface           0040a1c0 f   libsdlx:SDL_surface.obj
 0001:00009ec0       _SDL_CreateRGBSurface      0040a280 f   libsdlx:SDL_surface.obj
 0001:0000a0b0       _SDL_FillRect              0040a470 f   libsdlx:SDL_surface.obj
 0001:0000a4a0       _SDL_ConvertSurface        0040a860 f   libsdlx:SDL_surface.obj
 0001:0000a7a0       _Mix_LoadWAV_RW            0040ab60 f   libsdlx:mixer.obj
 0001:0000aa30       _Mix_FreeChunk             0040adf0 f   libsdlx:mixer.obj
 0001:0000aa90       _Mix_Volume                0040ae50 f   libsdlx:mixer.obj
 0001:0000ab00       _Mix_Playing               0040aec0 f   libsdlx:mixer.obj
 0001:0000abc0       _Mix_UnregisterAllEffects  0040af80 f   libsdlx:mixer.obj
 0001:0000af70       _Mix_OpenAudio             0040b330 f   libsdlx:mixer.obj
 0001:0000b070       _Mix_PlayChannelTimed      0040b430 f   libsdlx:mixer.obj
 0001:0000b180       _Mix_HaltChannel           0040b540 f   libsdlx:mixer.obj
 0001:0000b230       _Mix_CloseAudio            0040b5f0 f   libsdlx:mixer.obj
 0001:0000b2d0       _SDL_GetVideoInfo          0040b690 f   libsdlx:SDL_video.obj
 0001:0000b2e0       _SDL_ListModes             0040b6a0 f   libsdlx:SDL_video.obj
 0001:0000b310       _SDL_VideoModeOK           0040b6d0 f   libsdlx:SDL_video.obj
 0001:0000b790       _SDL_DisplayFormat         0040bb50 f   libsdlx:SDL_video.obj
 0001:0000b7f0       _SDL_UpdateRects           0040bbb0 f   libsdlx:SDL_video.obj
 0001:0000b9f0       _SDL_WM_SetCaption         0040bdb0 f   libsdlx:SDL_video.obj
 0001:0000bb40       _SDL_WM_GrabInput          0040bf00 f   libsdlx:SDL_video.obj
 0001:0000bc00       _SDL_WM_ToggleFullScreen   0040bfc0 f   libsdlx:SDL_video.obj
 0001:0000bcc0       _SDL_UpdateRect            0040c080 f   libsdlx:SDL_video.obj
 0001:0000bd30       _SDL_Flip                  0040c0f0 f   libsdlx:SDL_video.obj
 0001:0000beb0       _SDL_VideoQuit             0040c270 f   libsdlx:SDL_video.obj
 0001:0000bfd0       _SDL_VideoInit             0040c390 f   libsdlx:SDL_video.obj
 0001:0000c2d0       _SDL_SetVideoMode          0040c690 f   libsdlx:SDL_video.obj
 0001:0000c6c0       _SDL_JoystickInit          0040ca80 f   libsdlx:SDL_joystick.obj
 0001:0000c730       _SDL_JoystickName          0040caf0 f   libsdlx:SDL_joystick.obj
 0001:0000c770       _SDL_JoystickNumAxes       0040cb30 f   libsdlx:SDL_joystick.obj
 0001:0000c7a0       _SDL_JoystickGetAxis       0040cb60 f   libsdlx:SDL_joystick.obj
 0001:0000c7f0       _SDL_JoystickGetHat        0040cbb0 f   libsdlx:SDL_joystick.obj
 0001:0000c840       _SDL_JoystickGetButton     0040cc00 f   libsdlx:SDL_joystick.obj
 0001:0000c890       _SDL_JoystickClose         0040cc50 f   libsdlx:SDL_joystick.obj
 0001:0000c980       _SDL_JoystickQuit          0040cd40 f   libsdlx:SDL_joystick.obj
 0001:0000c9c0       _SDL_PrivateJoystickAxis   0040cd80 f   libsdlx:SDL_joystick.obj
 0001:0000ca30       _SDL_PrivateJoystickHat    0040cdf0 f   libsdlx:SDL_joystick.obj
 0001:0000caa0       _SDL_PrivateJoystickButton 0040ce60 f   libsdlx:SDL_joystick.obj
 0001:0000cb30       _SDL_JoystickUpdate        0040cef0 f   libsdlx:SDL_joystick.obj
 0001:0000cb60       _SDL_JoystickOpen          0040cf20 f   libsdlx:SDL_joystick.obj
 0001:0000cd40       _SDL_Lock_EventThread      0040d100 f   libsdlx:SDL_events.obj
 0001:0000cd90       _SDL_Unlock_EventThread    0040d150 f   libsdlx:SDL_events.obj
 0001:0000cf00       _SDL_StopEventLoop         0040d2c0 f   libsdlx:SDL_events.obj
 0001:0000cf50       _SDL_StartEventLoop        0040d310 f   libsdlx:SDL_events.obj
 0001:0000d150       _SDL_PeepEvents            0040d510 f   libsdlx:SDL_events.obj
 0001:0000d270       _SDL_PumpEvents            0040d630 f   libsdlx:SDL_events.obj
 0001:0000d2b0       _SDL_PollEvent             0040d670 f   libsdlx:SDL_events.obj
 0001:0000d310       _SDL_PushEvent             0040d6d0 f   libsdlx:SDL_events.obj
 0001:0000d330       _SDL_FreeFormat            0040d6f0 f   libsdlx:SDL_pixels.obj
 0001:0000d370       _SDL_DitherColors          0040d730 f   libsdlx:SDL_pixels.obj
 0001:0000d3e0       _SDL_CalculatePitch        0040d7a0 f   libsdlx:SDL_pixels.obj
 0001:0000d430       _SDL_FindColor             0040d7f0 f   libsdlx:SDL_pixels.obj
 0001:0000d4c0       _SDL_MapRGB                0040d880 f   libsdlx:SDL_pixels.obj
 0001:0000d520       _SDL_GetRGB                0040d8e0 f   libsdlx:SDL_pixels.obj
 0001:0000d840       _SDL_InvalidateMap         0040dc00 f   libsdlx:SDL_pixels.obj
 0001:0000d870       _SDL_MapSurface            0040dc30 f   libsdlx:SDL_pixels.obj
 0001:0000d9b0       _SDL_FreeBlitMap           0040dd70 f   libsdlx:SDL_pixels.obj
 0001:0000da00       _SDL_AllocFormat           0040ddc0 f   libsdlx:SDL_pixels.obj
 0001:0000dda0       _SDL_AllocBlitMap          0040e160 f   libsdlx:SDL_pixels.obj
 0001:0000de10       _SDL_ReallocFormat         0040e1d0 f   libsdlx:SDL_pixels.obj
 0001:0000dea0       _SDL_MouseInit             0040e260 f   libsdlx:SDL_mouse.obj
 0001:0000dec0       _SDL_GetMouseState         0040e280 f   libsdlx:SDL_mouse.obj
 0001:0000def0       _SDL_GetRelativeMouseState 0040e2b0 f   libsdlx:SDL_mouse.obj
 0001:0000df80       _SDL_PrivateMouseMotion    0040e340 f   libsdlx:SDL_mouse.obj
 0001:0000e100       _SDL_PrivateMouseButton    0040e4c0 f   libsdlx:SDL_mouse.obj
 0001:0000e280       _SDL_ResetMouse            0040e640 f   libsdlx:SDL_mouse.obj
 0001:0000e2d0       _MIX_string_equals         0040e690 f   libsdlx:music.obj
 0001:0000e330       _Mix_LoadMUS               0040e6f0 f   libsdlx:music.obj
 0001:0000e790       _Mix_VolumeMusic           0040eb50 f   libsdlx:music.obj
 0001:0000e870       _Mix_HaltMusic             0040ec30 f   libsdlx:music.obj
 0001:0000e930       _close_music               0040ecf0 f   libsdlx:music.obj
 0001:0000e960       _open_music                0040ed20 f   libsdlx:music.obj
 0001:0000eb50       _Mix_FreeMusic             0040ef10 f   libsdlx:music.obj
 0001:0000ed70       _Mix_FadeInMusicPos        0040f130 f   libsdlx:music.obj
 0001:0000ee20       _Mix_PlayMusic             0040f1e0 f   libsdlx:music.obj
 0001:0000ee50       _music_mixer               0040f210 f   libsdlx:music.obj
 0001:0000f140       _SDL_RWFromFP              0040f500 f   libsdlx:SDL_rwops.obj
 0001:0000f1b0       _SDL_RWFromFile            0040f570 f   libsdlx:SDL_rwops.obj
 0001:0000f200       _SDL_XBOX_GetScreenPosition 0040f5c0 f   libsdlx:SDL_xboxvideo.obj
 0001:0000f230       _SDL_XBOX_GetScreenStretch 0040f5f0 f   libsdlx:SDL_xboxvideo.obj
 0001:0000fde0       _SDL_XBOX_SetScreenPosition 004101a0 f   libsdlx:SDL_xboxvideo.obj
 0001:0000fe20       _SDL_XBOX_SetScreenStretch 004101e0 f   libsdlx:SDL_xboxvideo.obj
 0001:00010070       _SDL_GetKeyState           00410430 f   libsdlx:SDL_keyboard.obj
 0001:00010090       _SDL_PrivateKeyboard       00410450 f   libsdlx:SDL_keyboard.obj
 0001:00010340       _SDL_CheckKeyRepeat        00410700 f   libsdlx:SDL_keyboard.obj
 0001:000103b0       _SDL_KeyboardInit          00410770 f   libsdlx:SDL_keyboard.obj
 0001:00010d10       _SDL_ResetKeyboard         004110d0 f   libsdlx:SDL_keyboard.obj
 0001:00010d60       _SDL_MouseRect             00411120 f   libsdlx:SDL_cursor.obj
 0001:00011670       _SDL_DrawCursorNoLock      00411a30 f   libsdlx:SDL_cursor.obj
 0001:000117b0       _SDL_DrawCursor            00411b70 f   libsdlx:SDL_cursor.obj
 0001:00011840       _SDL_EraseCursorNoLock     00411c00 f   libsdlx:SDL_cursor.obj
 0001:00011940       _SDL_EraseCursor           00411d00 f   libsdlx:SDL_cursor.obj
 0001:000119d0       _SDL_ResetCursor           00411d90 f   libsdlx:SDL_cursor.obj
 0001:00011a20       _SDL_SetCursor             00411de0 f   libsdlx:SDL_cursor.obj
 0001:00011b90       _SDL_FreeCursor            00411f50 f   libsdlx:SDL_cursor.obj
 0001:00011c10       _SDL_ShowCursor            00411fd0 f   libsdlx:SDL_cursor.obj
 0001:00011cb0       _SDL_MoveCursor            00412070 f   libsdlx:SDL_cursor.obj
 0001:00011d50       _SDL_CursorQuit            00412110 f   libsdlx:SDL_cursor.obj
 0001:00011dc0       _SDL_CreateCursor          00412180 f   libsdlx:SDL_cursor.obj
 0001:00011f70       _SDL_CursorInit            00412330 f   libsdlx:SDL_cursor.obj
 0001:00011fc0       _SDL_InitSubSystem         00412380 f   libsdlx:SDL.obj
 0001:000120a0       _SDL_Init                  00412460 f   libsdlx:SDL.obj
 0001:000120d0       _SDL_QuitSubSystem         00412490 f   libsdlx:SDL.obj
 0001:00012160       _SDL_LoadBMP_RW            00412520 f   libsdlx:SDL_bmp.obj
 0001:00012640       _SDL_SaveBMP_RW            00412a00 f   libsdlx:SDL_bmp.obj
 0001:000129f0       _SDL_SetTimerThreaded      00412db0 f   libsdlx:SDL_timer.obj
 0001:00012a20       _SDL_ThreadedTimerCheck    00412de0 f   libsdlx:SDL_timer.obj
 0001:00012b20       _SDL_AddTimer              00412ee0 f   libsdlx:SDL_timer.obj
 0001:00012c00       _SDL_SetTimer              00412fc0 f   libsdlx:SDL_timer.obj
 0001:00012cb0       _SDL_TimerInit             00413070 f   libsdlx:SDL_timer.obj
 0001:00012d00       _SDL_TimerQuit             004130c0 f   libsdlx:SDL_timer.obj
 0001:00012ec0       _SDL_GetErrorMsgUNICODE    00413280 f   libsdlx:SDL_error.obj
 0001:00013110       _SDL_GetError              004134d0 f   libsdlx:SDL_error.obj
 0001:00013180       _SDL_ClearError            00413540 f   libsdlx:SDL_error.obj
 0001:00013190       _SDL_SetError              00413550 f   libsdlx:SDL_error.obj
 0001:00013340       _SDL_Error                 00413700 f   libsdlx:SDL_error.obj
 0001:00014600       _SDL_RLEBlit               004149c0 f   libsdlx:SDL_RLEaccel.obj
 0001:00015af0       _SDL_RLEAlphaBlit          00415eb0 f   libsdlx:SDL_RLEaccel.obj
 0001:00016f40       _SDL_UnRLESurface          00417300 f   libsdlx:SDL_RLEaccel.obj
 0001:00017020       _SDL_RLESurface            004173e0 f   libsdlx:SDL_RLEaccel.obj
 0001:000170c0       _SDL_ConvertMono           00417480 f   libsdlx:SDL_audiocvt.obj
 0001:00017320       _SDL_ConvertStereo         004176e0 f   libsdlx:SDL_audiocvt.obj
 0001:000173b0       _SDL_Convert16LSB          00417770 f   libsdlx:SDL_audiocvt.obj
 0001:00017410       _SDL_Convert16MSB          004177d0 f   libsdlx:SDL_audiocvt.obj
 0001:00017470       _SDL_Convert8              00417830 f   libsdlx:SDL_audiocvt.obj
 0001:000174d0       _SDL_ConvertSign           00417890 f   libsdlx:SDL_audiocvt.obj
 0001:00017530       _SDL_ConvertEndian         004178f0 f   libsdlx:SDL_audiocvt.obj
 0001:00017580       _SDL_RateMUL2              00417940 f   libsdlx:SDL_audiocvt.obj
 0001:00017610       _SDL_RateDIV2              004179d0 f   libsdlx:SDL_audiocvt.obj
 0001:000176a0       _SDL_ConvertAudio          00417a60 f   libsdlx:SDL_audiocvt.obj
 0001:000176e0       _SDL_BuildAudioCVT         00417aa0 f   libsdlx:SDL_audiocvt.obj
 0001:000183e0       _SDL_FreeWAV               004187a0 f   libsdlx:SDL_wave.obj
 0001:000183e0       __mm_delete_file_reader    004187a0 f   libsdlx:mmio.obj
 0001:00018460       _SDL_LoadWAV_RW            00418820 f   libsdlx:SDL_wave.obj
 0001:00018770       _Mix_LoadOGG_RW            00418b30 f   libsdlx:load_ogg.obj
 0001:00018eb0       _Mix_LoadVOC_RW            00419270 f   libsdlx:load_voc.obj
 0001:000190f0       _Mix_LoadAIFF_RW           004194b0 f   libsdlx:load_aiff.obj
 0001:00019490       _SDL_ReadLE16              00419850 f   libsdlx:SDL_endian.obj
 0001:000194b0       _SDL_ReadBE16              00419870 f   libsdlx:SDL_endian.obj
 0001:000194e0       _SDL_ReadLE32              004198a0 f   libsdlx:SDL_endian.obj
 0001:00019500       _SDL_ReadBE32              004198c0 f   libsdlx:SDL_endian.obj
 0001:00019540       _SDL_WriteLE16             00419900 f   libsdlx:SDL_endian.obj
 0001:00019560       _SDL_WriteLE32             00419920 f   libsdlx:SDL_endian.obj
 0001:00019580       _SDL_RunAudio              00419940 f   libsdlx:SDL_audio.obj
 0001:00019770       _SDL_PauseAudio            00419b30 f   libsdlx:SDL_audio.obj
 0001:00019790       _SDL_LockAudio             00419b50 f   libsdlx:SDL_audio.obj
 0001:000197b0       _SDL_UnlockAudio           00419b70 f   libsdlx:SDL_audio.obj
 0001:000197d0       _SDL_CloseAudio            00419b90 f   libsdlx:SDL_audio.obj
 0001:000197e0       _SDL_AudioQuit             00419ba0 f   libsdlx:SDL_audio.obj
 0001:00019880       _SDL_CalculateAudioSpec    00419c40 f   libsdlx:SDL_audio.obj
 0001:000198c0       _SDL_AudioInit             00419c80 f   libsdlx:SDL_audio.obj
 0001:000199f0       _SDL_OpenAudio             00419db0 f   libsdlx:SDL_audio.obj
 0001:00019c60       _SDL_MixAudio              0041a020 f   libsdlx:SDL_mixer.obj
 0001:00019e50       __Mix_InitEffects          0041a210 f   libsdlx:effects_internal.obj
 0001:00019e60       _SDL_CreateMutex           0041a220 f   libsdlx:SDL_sysmutex.obj
 0001:00019eb0       _SDL_DestroySemaphore      0041a270 f   libsdlx:SDL_syssem.obj
 0001:00019eb0       _SDL_DestroyMutex          0041a270 f   libsdlx:SDL_sysmutex.obj
 0001:00019ee0       _SDL_mutexP                0041a2a0 f   libsdlx:SDL_sysmutex.obj
 0001:00019f20       _SDL_mutexV                0041a2e0 f   libsdlx:SDL_sysmutex.obj
 0001:00019f60       _SDL_PrivateResize         0041a320 f   libsdlx:SDL_resize.obj
 0001:0001a030       _SDL_SYS_JoystickInit      0041a3f0 f   libsdlx:SDL_sysjoystick.obj
 0001:0001a040       _SDL_SYS_JoystickName      0041a400 f   libsdlx:SDL_sysjoystick.obj
 0001:0001a050       _SDL_SYS_JoystickOpen      0041a410 f   libsdlx:SDL_sysjoystick.obj
 0001:0001a230       _SDL_SYS_JoystickClose     0041a5f0 f   libsdlx:SDL_sysjoystick.obj
 0001:0001a250       _XBInput_RefreshDeviceList 0041a610 f   libsdlx:SDL_sysjoystick.obj
 0001:0001a3b0       _SDL_SYS_JoystickUpdate    0041a770 f   libsdlx:SDL_sysjoystick.obj
 0001:0001a900       _SDL_SYS_CreateThread      0041acc0 f   libsdlx:SDL_systhread.obj
 0001:0001a940       _SDL_ThreadID              0041ad00 f   libsdlx:SDL_systhread.obj
 0001:0001a950       _SDL_SYS_WaitThread        0041ad10 f   libsdlx:SDL_systhread.obj
 0001:0001aaf0       _SDL_GetErrBuf             0041aeb0 f   libsdlx:SDL_thread.obj
 0001:0001ab60       _SDL_RunThread             0041af20 f   libsdlx:SDL_thread.obj
 0001:0001aba0       _SDL_CreateThread          0041af60 f   libsdlx:SDL_thread.obj
 0001:0001ac80       _SDL_WaitThread            0041b040 f   libsdlx:SDL_thread.obj
 0001:0001acc0       _SDL_AppActiveInit         0041b080 f   libsdlx:SDL_active.obj
 0001:0001af90       _SDL_CalculateBlit         0041b350 f   libsdlx:SDL_blit.obj
 0001:0001b190       _WAVStream_Init            0041b550 f   libsdlx:wavestream.obj
 0001:0001b1d0       _WAVStream_SetVolume       0041b590 f   libsdlx:wavestream.obj
 0001:0001b1e0       _WAVStream_Start           0041b5a0 f   libsdlx:wavestream.obj
 0001:0001b210       _WAVStream_PlaySome        0041b5d0 f   libsdlx:wavestream.obj
 0001:0001b320       _WAVStream_Stop            0041b6e0 f   libsdlx:wavestream.obj
 0001:0001b330       _WAVStream_FreeSong        0041b6f0 f   libsdlx:wavestream.obj
 0001:0001b370       _WAVStream_Active          0041b730 f   libsdlx:wavestream.obj
 0001:0001b890       _WAVStream_LoadSong        0041bc50 f   libsdlx:wavestream.obj
 0001:0001b9a0       _MikMod_strerror           0041bd60 f   libsdlx:mmerror.obj
 0001:0001b9c0       __mm_registerloader        0041bd80 f   libsdlx:mloader.obj
 0001:0001b9f0       __mm_unregisterloaders     0041bdb0 f   libsdlx:mloader.obj
 0001:0001ba20       _ReadComment               0041bde0 f   libsdlx:mloader.obj
 0001:0001baa0       _AllocPositions            0041be60 f   libsdlx:mloader.obj
 0001:0001bad0       _AllocPatterns             0041be90 f   libsdlx:mloader.obj
 0001:0001bba0       _AllocTracks               0041bf60 f   libsdlx:mloader.obj
 0001:0001bbe0       _AllocInstruments          0041bfa0 f   libsdlx:mloader.obj
 0001:0001bc80       _AllocSamples              0041c040 f   libsdlx:mloader.obj
 0001:0001bd00       _DupStr                    0041c0c0 f   libsdlx:mloader.obj
 0001:0001bf00       _Player_Free               0041c2c0 f   libsdlx:mloader.obj
 0001:0001bf40       _Player_LoadGeneric_internal 0041c300 f   libsdlx:mloader.obj
 0001:0001c1c0       _Player_LoadGeneric        0041c580 f   libsdlx:mloader.obj
 0001:0001c220       _Player_Load               0041c5e0 f   libsdlx:mloader.obj
 0001:0001c280       _OGG_init                  0041c640 f   libsdlx:music_ogg.obj
 0001:0001c2c0       _OGG_setvolume             0041c680 f   libsdlx:music_ogg.obj
 0001:0001c2d0       _OGG_play                  0041c690 f   libsdlx:music_ogg.obj
 0001:0001c2e0       _OGG_playing               0041c6a0 f   libsdlx:music_ogg.obj
 0001:0001c440       _OGG_playAudio             0041c800 f   libsdlx:music_ogg.obj
 0001:0001c500       _OGG_stop                  0041c8c0 f   libsdlx:music_ogg.obj
 0001:0001c510       _OGG_delete                0041c8d0 f   libsdlx:music_ogg.obj
 0001:0001c540       _OGG_jump_to_time          0041c900 f   libsdlx:music_ogg.obj
 0001:0001c560       _OGG_new                   0041c920 f   libsdlx:music_ogg.obj
 0001:0001cf50       _Timidity_Init             0041d310 f   libsdlx:timidity.obj
 0001:0001d100       _Timidity_Error            0041d4c0 f   libsdlx:timidity.obj
 0001:0001e300       _Timidity_PlaySome         0041e6c0 f   libsdlx:playmidi.obj
 0001:0001e7e0       _Timidity_SetVolume        0041eba0 f   libsdlx:playmidi.obj
 0001:0001e870       _Timidity_LoadSong         0041ec30 f   libsdlx:playmidi.obj
 0001:0001e8d0       _Timidity_Start            0041ec90 f   libsdlx:playmidi.obj
 0001:0001e960       _Timidity_Active           0041ed20 f   libsdlx:playmidi.obj
 0001:0001e970       _Timidity_Stop             0041ed30 f   libsdlx:playmidi.obj
 0001:0001e980       _Timidity_FreeSong         0041ed40 f   libsdlx:playmidi.obj
 0001:0001ea90       _getlinearperiod           0041ee50 f   libsdlx:mplayer.obj
 0001:0001ee10       _getfrequency              0041f1d0 f   libsdlx:mplayer.obj
 0001:000204f0       _pt_UpdateVoices           004208b0 f   libsdlx:mplayer.obj
 0001:00020b30       _pt_Notes                  00420ef0 f   libsdlx:mplayer.obj
 0001:00020fb0       _pt_NNA                    00421370 f   libsdlx:mplayer.obj
 0001:00021140       _pt_SetupVoices            00421500 f   libsdlx:mplayer.obj
 0001:000212b0       _pt_EffectsPass2           00421670 f   libsdlx:mplayer.obj
 0001:00021460       _Player_Init               00421820 f   libsdlx:mplayer.obj
 0001:000214f0       _Player_SetVolume          004218b0 f   libsdlx:mplayer.obj
 0001:00021560       _Player_Start              00421920 f   libsdlx:mplayer.obj
 0001:000215f0       _Player_Stop               004219b0 f   libsdlx:mplayer.obj
 0001:00021640       _Player_Active             00421a00 f   libsdlx:mplayer.obj
 0001:00021690       _Player_SetPosition        00421a50 f   libsdlx:mplayer.obj
 0001:000226d0       _pt_EffectsPass1           00422a90 f   libsdlx:mplayer.obj
 0001:00022830       _Player_HandleTick         00422bf0 f   libsdlx:mplayer.obj
 0001:00022ba0       _Player_Exit_internal      00422f60 f   libsdlx:mplayer.obj
 0001:00022c20       _MikMod_RegisterAllDrivers 00422fe0 f   libsdlx:mdreg.obj
 0001:00022c60       _MikMod_UnregisterAllDrivers 00423020 f   libsdlx:mdreg.obj
 0001:00022c90       _MikMod_RegisterAllLoaders 00423050 f   libsdlx:mlreg.obj
 0001:00022ce0       _MikMod_UnregisterAllLoaders 004230a0 f   libsdlx:mlreg.obj
 0001:00022ef0       _MD_SampleSpace            004232b0 f   libsdlx:mdriver.obj
 0001:00022f20       _MD_SampleLength           004232e0 f   libsdlx:mdriver.obj
 0001:00022f50       __mm_registerdriver        00423310 f   libsdlx:mdriver.obj
 0001:00022f80       __mm_unregisterdrivers     00423340 f   libsdlx:mdriver.obj
 0001:00022fb0       _MD_SampleLoad             00423370 f   libsdlx:mdriver.obj
 0001:00023000       _MD_SampleUnload           004233c0 f   libsdlx:mdriver.obj
 0001:00023010       _Voice_SetVolume_internal  004233d0 f   libsdlx:mdriver.obj
 0001:000230a0       _Voice_SetFrequency_internal 00423460 f   libsdlx:mdriver.obj
 0001:000230f0       _Voice_SetPanning_internal 004234b0 f   libsdlx:mdriver.obj
 0001:00023170       _Voice_Play_internal       00423530 f   libsdlx:mdriver.obj
 0001:000231d0       _Voice_Stop_internal       00423590 f   libsdlx:mdriver.obj
 0001:00023210       _Voice_Stopped_internal    004235d0 f   libsdlx:mdriver.obj
 0001:00023240       _MikMod_EnableOutput       00423600 f   libsdlx:mdriver.obj
 0001:000232a0       _MikMod_DisableOutput_internal 00423660 f   libsdlx:mdriver.obj
 0001:000232c0       _MikMod_Active             00423680 f   libsdlx:mdriver.obj
 0001:000232f0       _MikMod_Exit_internal      004236b0 f   libsdlx:mdriver.obj
 0001:00023370       _MikMod_Exit               00423730 f   libsdlx:mdriver.obj
 0001:000233c0       _MikMod_SetNumVoices_internal 00423780 f   libsdlx:mdriver.obj
 0001:000236e0       _MikMod_Init               00423aa0 f   libsdlx:mdriver.obj
 0001:00023730       _VC_Init                   00423af0 f   libsdlx:virtch_common.obj
 0001:00023740       _VC_Exit                   00423b00 f   libsdlx:virtch_common.obj
 0001:00023750       _VC_SetNumVoices           00423b10 f   libsdlx:virtch_common.obj
 0001:00023760       _VC_SampleSpace            00423b20 f   libsdlx:virtch_common.obj
 0001:00023770       _VC_SampleLength           00423b30 f   libsdlx:virtch_common.obj
 0001:00023780       _VC_PlayStart              00423b40 f   libsdlx:virtch_common.obj
 0001:00023790       _VC_PlayStop               00423b50 f   libsdlx:virtch_common.obj
 0001:000237a0       _VC_SampleLoad             00423b60 f   libsdlx:virtch_common.obj
 0001:000237b0       _VC_SampleUnload           00423b70 f   libsdlx:virtch_common.obj
 0001:000237c0       _VC_WriteBytes             00423b80 f   libsdlx:virtch_common.obj
 0001:000237d0       _VC_VoiceSetVolume         00423b90 f   libsdlx:virtch_common.obj
 0001:000237e0       _VC_VoiceGetVolume         00423ba0 f   libsdlx:virtch_common.obj
 0001:000237f0       _VC_VoiceSetFrequency      00423bb0 f   libsdlx:virtch_common.obj
 0001:00023800       _VC_VoiceGetFrequency      00423bc0 f   libsdlx:virtch_common.obj
 0001:00023810       _VC_VoiceSetPanning        00423bd0 f   libsdlx:virtch_common.obj
 0001:00023820       _VC_VoiceGetPanning        00423be0 f   libsdlx:virtch_common.obj
 0001:00023830       _VC_VoicePlay              00423bf0 f   libsdlx:virtch_common.obj
 0001:00023840       _VC_VoiceStop              00423c00 f   libsdlx:virtch_common.obj
 0001:00023850       _VC_VoiceStopped           00423c10 f   libsdlx:virtch_common.obj
 0001:00023860       _VC_VoiceGetPosition       00423c20 f   libsdlx:virtch_common.obj
 0001:00023870       _VC_VoiceRealVolume        00423c30 f   libsdlx:virtch_common.obj
 0001:00023880       _VC_SetupPointers          00423c40 f   libsdlx:virtch_common.obj
 0001:00023a50       _XBOX_InitOSKeymap         00423e10 f   libsdlx:SDL_xboxevents.obj
 0001:00023f90       _XBInput_GetKeyboardInput  00424350 f   libsdlx:SDL_xboxevents.obj
 0001:00024050       _Mouse_RefreshDeviceList   00424410 f   libsdlx:SDL_xboxevents.obj
 0001:000242c0       _XBOX_PumpEvents           00424680 f   libsdlx:SDL_xboxevents.obj
 0001:000242d0       _SDL_CDROMInit             00424690 f   libsdlx:SDL_cdrom.obj
 0001:00024300       _SDL_CDROMQuit             004246c0 f   libsdlx:SDL_cdrom.obj
 0001:00024310       _SDL_InstallParachute      004246d0 f   libsdlx:SDL_fatal.obj
 0001:00024310       _jpeg_mem_term             004246d0 f   sdl_image:jmemansi.obj
 0001:00024310       _SDL_UnlockYUV_SW          004246d0 f   libsdlx:SDL_yuv_sw.obj
 0001:00024310       _SDL_SYS_JoystickQuit      004246d0 f   libsdlx:SDL_sysjoystick.obj
 0001:00024310       _init_tables               004246d0 f   libsdlx:tables.obj
 0001:00024310       _SDL_SYS_StopTimer         004246d0 f   libsdlx:SDL_systimer.obj
 0001:00024310       _SDL_SYS_SetupThread       004246d0 f   libsdlx:SDL_systhread.obj
 0001:00024310       ?Update@Sprite@@UAEXXZ     004246d0 f   Furby.obj
 0001:00024db0       _ov_clear                  00425170 f   libsdlx:vorbisfile.obj
 0001:00024eb0       _ov_pcm_total              00425270 f   libsdlx:vorbisfile.obj
 0001:00024f10       _ov_time_total             004252d0 f   libsdlx:vorbisfile.obj
 0001:00024fa0       _ov_raw_seek               00425360 f   libsdlx:vorbisfile.obj
 0001:00025280       _ov_pcm_seek_page          00425640 f   libsdlx:vorbisfile.obj
 0001:000256f0       _ov_pcm_seek               00425ab0 f   libsdlx:vorbisfile.obj
 0001:000259a0       _ov_time_seek              00425d60 f   libsdlx:vorbisfile.obj
 0001:00025ab0       _ov_info                   00425e70 f   libsdlx:vorbisfile.obj
 0001:00025af0       _ov_read                   00425eb0 f   libsdlx:vorbisfile.obj
 0001:00026050       _ov_open_callbacks         00426410 f   libsdlx:vorbisfile.obj
 0001:000260a0       _ov_open                   00426460 f   libsdlx:vorbisfile.obj
 0001:00026830       _SDL_AllocAudioMem         00426bf0 f   libsdlx:SDL_audiomem.obj
 0001:00026840       _SDL_FreeAudioMem          00426c00 f   libsdlx:SDL_audiomem.obj
 0001:00026850       _SDL_CreateSemaphore       00426c10 f   libsdlx:SDL_syssem.obj
 0001:000268b0       _SDL_SemWait               00426c70 f   libsdlx:SDL_syssem.obj
 0001:00026910       _SDL_SemValue              00426cd0 f   libsdlx:SDL_syssem.obj
 0001:00026930       _SDL_SemPost               00426cf0 f   libsdlx:SDL_syssem.obj
 0001:00028740       _SDL_CalculateBlit1        00428b00 f   libsdlx:SDL_blit_1.obj
 0001:0002cd80       _SDL_CalculateBlitN        0042d140 f   libsdlx:SDL_blit_N.obj
 0001:0002da70       _SDL_CalculateBlit0        0042de30 f   libsdlx:SDL_blit_0.obj
 0001:0002daf0       __mm_malloc                0042deb0 f   libsdlx:mmalloc.obj
 0001:0002db20       __mm_calloc                0042dee0 f   libsdlx:mmalloc.obj
 0001:0002db60       _SL_Init                   0042df20 f   libsdlx:sloader.obj
 0001:0002dbb0       _SL_Exit                   0042df70 f   libsdlx:sloader.obj
 0001:0002e2b0       _SL_Load                   0042e670 f   libsdlx:sloader.obj
 0001:0002e2e0       _SL_RegisterSample         0042e6a0 f   libsdlx:sloader.obj
 0001:0002e3c0       _SL_Sample8to16            0042e780 f   libsdlx:sloader.obj
 0001:0002e3f0       _SL_SampleSigned           0042e7b0 f   libsdlx:sloader.obj
 0001:0002e5f0       _SL_LoadSamples            0042e9b0 f   libsdlx:sloader.obj
 0001:0002e650       __mm_fopen                 0042ea10 f   libsdlx:mmio.obj
 0001:0002e690       __mm_iobase_setcur         0042ea50 f   libsdlx:mmio.obj
 0001:0002e6b0       __mm_iobase_revert         0042ea70 f   libsdlx:mmio.obj
 0001:0002e750       __mm_new_file_reader       0042eb10 f   libsdlx:mmio.obj
 0001:0002e790       __mm_read_string           0042eb50 f   libsdlx:mmio.obj
 0001:0002e7b0       __mm_read_M_UWORD          0042eb70 f   libsdlx:mmio.obj
 0001:0002e7d0       __mm_read_I_UWORD          0042eb90 f   libsdlx:mmio.obj
 0001:0002e800       __mm_read_I_ULONG          0042ebc0 f   libsdlx:mmio.obj
 0001:0002e840       __mm_read_M_SWORDS         0042ec00 f   libsdlx:mmio.obj
 0001:0002e890       __mm_read_I_UWORDS         0042ec50 f   libsdlx:mmio.obj
 0001:0002e890       __mm_read_I_SWORDS         0042ec50 f   libsdlx:mmio.obj
 0001:0002e8e0       __mm_read_I_ULONGS         0042eca0 f   libsdlx:mmio.obj
 0001:0002e950       _UniSetRow                 0042ed10 f   libsdlx:munitrk.obj
 0001:0002e990       _UniGetByte                0042ed50 f   libsdlx:munitrk.obj
 0001:0002e9b0       _UniGetWord                0042ed70 f   libsdlx:munitrk.obj
 0001:0002e9f0       _UniSkipOpcode             0042edb0 f   libsdlx:munitrk.obj
 0001:0002ea30       _UniFindRow                0042edf0 f   libsdlx:munitrk.obj
 0001:0002ea70       _UniReset                  0042ee30 f   libsdlx:munitrk.obj
 0001:0002ea90       _UniWriteByte              0042ee50 f   libsdlx:munitrk.obj
 0001:0002eaf0       _UniWriteWord              0042eeb0 f   libsdlx:munitrk.obj
 0001:0002eb60       _UniNewline                0042ef20 f   libsdlx:munitrk.obj
 0001:0002ec70       _UniDup                    0042f030 f   libsdlx:munitrk.obj
 0001:0002ed00       _UniInit                   0042f0c0 f   libsdlx:munitrk.obj
 0001:0002ed30       _UniCleanup                0042f0f0 f   libsdlx:munitrk.obj
 0001:0002ed50       _open_file                 0042f110 f   libsdlx:common.obj
 0001:0002ef30       _close_file                0042f2f0 f   libsdlx:common.obj
 0001:0002ef40       _skip                      0042f300 f   libsdlx:common.obj
 0001:0002efe0       _safe_malloc               0042f3a0 f   libsdlx:common.obj
 0001:0002f040       _add_to_pathlist           0042f400 f   libsdlx:common.obj
 0001:0002fc40       _load_missing_instruments  00430000 f   libsdlx:instrum.obj
 0001:0002fc90       _free_instruments          00430050 f   libsdlx:instrum.obj
 0001:0002fda0       _set_default_instrument    00430160 f   libsdlx:instrum.obj
 0001:0002fdf0       _s32tos8                   004301b0 f   libsdlx:output.obj
 0001:0002fe30       _s32tou8                   004301f0 f   libsdlx:output.obj
 0001:0002fe70       _s32tos16                  00430230 f   libsdlx:output.obj
 0001:0002feb0       _s32tou16                  00430270 f   libsdlx:output.obj
 0001:0002ff00       _s32tos16x                 004302c0 f   libsdlx:output.obj
 0001:0002ff50       _s32tou16x                 00430310 f   libsdlx:output.obj
 0001:0002ffa0       _recompute_envelope        00430360 f   libsdlx:mix.obj
 0001:00030060       _apply_envelope_to_amp     00430420 f   libsdlx:mix.obj
 0001:00030a90       _mix_voice                 00430e50 f   libsdlx:mix.obj
 0001:00031950       _read_midi_file            00431d10 f   libsdlx:readmidi.obj
 0001:00031cb0       _XM_Test                   00432070 f   libsdlx:load_xm.obj
 0001:00031d20       _XM_Init                   004320e0 f   libsdlx:load_xm.obj
 0001:00031d40       _XM_Cleanup                00432100 f   libsdlx:load_xm.obj
 0001:00032e30       _XM_Load                   004331f0 f   libsdlx:load_xm.obj
 0001:00033450       _XM_LoadTitle              00433810 f   libsdlx:load_xm.obj
 0001:000334b0       _S3M_Test                  00433870 f   libsdlx:load_s3m.obj
 0001:000334f0       _S3M_Init                  004338b0 f   libsdlx:load_s3m.obj
 0001:00033550       _S3M_Cleanup               00433910 f   libsdlx:load_s3m.obj
 0001:00033830       _S3M_Load                  00433bf0 f   libsdlx:load_s3m.obj
 0001:000341c0       _S3M_LoadTitle             00434580 f   libsdlx:load_s3m.obj
 0001:00034bd0       _IT_Test                   00434f90 f   libsdlx:load_it.obj
 0001:00034c00       _IT_Init                   00434fc0 f   libsdlx:load_it.obj
 0001:00034c80       _IT_Cleanup                00435040 f   libsdlx:load_it.obj
 0001:00035490       _IT_Load                   00435850 f   libsdlx:load_it.obj
 0001:00036b10       _IT_LoadTitle              00436ed0 f   libsdlx:load_it.obj
 0001:00038100       _VC1_SilenceBytes          004384c0 f   libsdlx:virtch.obj
 0001:00038170       _VC1_Exit                  00438530 f   libsdlx:virtch.obj
 0001:000381d0       _VC1_VoiceGetVolume        00438590 f   libsdlx:virtch.obj
 0001:000381f0       _VC1_VoiceGetPanning       004385b0 f   libsdlx:virtch.obj
 0001:00038210       _VC1_VoiceSetFrequency     004385d0 f   libsdlx:virtch.obj
 0001:00038230       _VC1_VoiceGetFrequency     004385f0 f   libsdlx:virtch.obj
 0001:00038250       _VC1_VoicePlay             00438610 f   libsdlx:virtch.obj
 0001:000382a0       _VC1_VoiceStop             00438660 f   libsdlx:virtch.obj
 0001:000382c0       _VC1_VoiceStopped          00438680 f   libsdlx:virtch.obj
 0001:000382e0       _VC1_VoiceGetPosition      004386a0 f   libsdlx:virtch.obj
 0001:00038300       _VC1_VoiceSetVolume        004386c0 f   libsdlx:virtch.obj
 0001:00038340       _VC1_VoiceSetPanning       00438700 f   libsdlx:virtch.obj
 0001:00038380       _VC1_SampleUnload          00438740 f   libsdlx:virtch.obj
 0001:000383c0       _VC1_SampleLoad            00438780 f   libsdlx:virtch.obj
 0001:00038590       _VC1_SampleSpace           00438950 f   libsdlx:virtch.obj
 0001:000385a0       _VC2_SampleLength          00438960 f   libsdlx:virtch2.obj
 0001:000385a0       _VC1_SampleLength          00438960 f   libsdlx:virtch.obj
 0001:000385c0       _VC1_VoiceRealVolume       00438980 f   libsdlx:virtch.obj
 0001:00038650       _VC1_WriteSamples          00438a10 f   libsdlx:virtch.obj
 0001:00038920       _VC1_Init                  00438ce0 f   libsdlx:virtch.obj
 0001:000389b0       _VC1_PlayStart             00438d70 f   libsdlx:virtch.obj
 0001:00038cd0       _VC1_PlayStop              00439090 f   libsdlx:virtch.obj
 0001:00038e60       _VC1_SetNumVoices          00439220 f   libsdlx:virtch.obj
 0001:00038ee0       _VC1_WriteBytes            004392a0 f   libsdlx:virtch.obj
 0001:0003a740       _VC2_SilenceBytes          0043ab00 f   libsdlx:virtch2.obj
 0001:0003a7b0       _VC2_Exit                  0043ab70 f   libsdlx:virtch2.obj
 0001:0003a810       _VC2_VoiceGetVolume        0043abd0 f   libsdlx:virtch2.obj
 0001:0003a830       _VC2_VoiceGetPanning       0043abf0 f   libsdlx:virtch2.obj
 0001:0003a850       _VC2_VoiceSetFrequency     0043ac10 f   libsdlx:virtch2.obj
 0001:0003a870       _VC2_VoiceGetFrequency     0043ac30 f   libsdlx:virtch2.obj
 0001:0003a890       _VC2_VoicePlay             0043ac50 f   libsdlx:virtch2.obj
 0001:0003a8e0       _VC2_VoiceStop             0043aca0 f   libsdlx:virtch2.obj
 0001:0003a900       _VC2_VoiceStopped          0043acc0 f   libsdlx:virtch2.obj
 0001:0003a920       _VC2_VoiceGetPosition      0043ace0 f   libsdlx:virtch2.obj
 0001:0003a940       _VC2_VoiceSetVolume        0043ad00 f   libsdlx:virtch2.obj
 0001:0003a980       _VC2_VoiceSetPanning       0043ad40 f   libsdlx:virtch2.obj
 0001:0003a9b0       _VC2_SampleUnload          0043ad70 f   libsdlx:virtch2.obj
 0001:0003a9f0       _VC2_SampleLoad            0043adb0 f   libsdlx:virtch2.obj
 0001:0003abc0       _VC2_SampleSpace           0043af80 f   libsdlx:virtch2.obj
 0001:0003abd0       _VC2_VoiceRealVolume       0043af90 f   libsdlx:virtch2.obj
 0001:0003ac60       _VC2_WriteSamples          0043b020 f   libsdlx:virtch2.obj
 0001:0003af70       _VC2_Init                  0043b330 f   libsdlx:virtch2.obj
 0001:0003b040       _VC2_PlayStart             0043b400 f   libsdlx:virtch2.obj
 0001:0003b360       _VC2_PlayStop              0043b720 f   libsdlx:virtch2.obj
 0001:0003b4f0       _VC2_SetNumVoices          0043b8b0 f   libsdlx:virtch2.obj
 0001:0003b580       _VC2_WriteBytes            0043b940 f   libsdlx:virtch2.obj
 0001:0003b5d0       _SDL_SYS_CDQuit            0043b990 f   libsdlx:SDL_syscdrom.obj
 0001:0003b8b0       _cddapause                 0043bc70 f   libsdlx:SDL_syscdrom.obj
 0001:0003b920       _ReadSectorCDDA            0043bce0 f   libsdlx:SDL_syscdrom.obj
 0001:0003bae0       _cddaprocess               0043bea0 f   libsdlx:SDL_syscdrom.obj
 0001:0003bd60       _cdrom_cdda_play           0043c120 f   libsdlx:SDL_syscdrom.obj
 0001:0003be70       _SDL_SYS_CDInit            0043c230 f   libsdlx:SDL_syscdrom.obj
 0001:0003c090       _ogg_page_continued        0043c450 f   libsdlx:framing.obj
 0001:0003c0a0       _ogg_page_eos              0043c460 f   libsdlx:framing.obj
 0001:0003c0b0       _ogg_page_granulepos       0043c470 f   libsdlx:framing.obj
 0001:0003c0e0       _ogg_page_serialno         0043c4a0 f   libsdlx:framing.obj
 0001:0003c110       _ogg_stream_init           0043c4d0 f   libsdlx:framing.obj
 0001:0003c180       _ogg_stream_clear          0043c540 f   libsdlx:framing.obj
 0001:0003c210       _ogg_page_checksum_set     0043c5d0 f   libsdlx:framing.obj
 0001:0003c2c0       _ogg_sync_init             0043c680 f   libsdlx:framing.obj
 0001:0003c2f0       _ogg_sync_clear            0043c6b0 f   libsdlx:framing.obj
 0001:0003c330       _ogg_sync_buffer           0043c6f0 f   libsdlx:framing.obj
 0001:0003c3b0       _ogg_sync_wrote            0043c770 f   libsdlx:framing.obj
 0001:0003c3d0       _ogg_sync_pageseek         0043c790 f   libsdlx:framing.obj
 0001:0003c510       _ogg_stream_pagein         0043c8d0 f   libsdlx:framing.obj
 0001:0003c820       _ogg_sync_reset            0043cbe0 f   libsdlx:framing.obj
 0001:0003c840       _ogg_stream_reset          0043cc00 f   libsdlx:framing.obj
 0001:0003c880       _ogg_stream_reset_serialno 0043cc40 f   libsdlx:framing.obj
 0001:0003c9e0       _ogg_stream_packetout      0043cda0 f   libsdlx:framing.obj
 0001:0003ca00       _ogg_stream_packetpeek     0043cdc0 f   libsdlx:framing.obj
 0001:0003ca20       _vorbis_comment_init       0043cde0 f   libsdlx:info.obj
 0001:0003ca40       _vorbis_comment_clear      0043ce00 f   libsdlx:info.obj
 0001:0003cab0       _vorbis_info_blocksize     0043ce70 f   libsdlx:info.obj
 0001:0003cad0       _vorbis_info_init          0043ce90 f   libsdlx:info.obj
 0001:0003cb10       _vorbis_info_clear         0043ced0 f   libsdlx:info.obj
 0001:0003d0e0       _vorbis_synthesis_headerin 0043d4a0 f   libsdlx:info.obj
 0001:0003d200       _vorbis_synthesis          0043d5c0 f   libsdlx:synthesis.obj
 0001:0003d340       _vorbis_synthesis_trackonly 0043d700 f   libsdlx:synthesis.obj
 0001:0003d400       _vorbis_packet_blocksize   0043d7c0 f   libsdlx:synthesis.obj
 0001:0003d480       _vorbis_block_init         0043d840 f   libsdlx:block.obj
 0001:0003d4d0       __vorbis_block_alloc       0043d890 f   libsdlx:block.obj
 0001:0003d540       __vorbis_block_ripcord     0043d900 f   libsdlx:block.obj
 0001:0003d5b0       _vorbis_block_clear        0043d970 f   libsdlx:block.obj
 0001:0003d9f0       _vorbis_dsp_clear          0043ddb0 f   libsdlx:block.obj
 0001:0003dc30       _vorbis_synthesis_restart  0043dff0 f   libsdlx:block.obj
 0001:0003dc90       _vorbis_synthesis_init     0043e050 f   libsdlx:block.obj
 0001:0003dcc0       _vorbis_synthesis_blockin  0043e080 f   libsdlx:block.obj
 0001:0003e660       _vorbis_synthesis_pcmout   0043ea20 f   libsdlx:block.obj
 0001:0003e6c0       _vorbis_synthesis_read     0043ea80 f   libsdlx:block.obj
 0001:00042710       _SDL_CalculateAlphaBlit    00442ad0 f   libsdlx:SDL_blit_A.obj
 0001:00043100       _resample_voice            004434c0 f   libsdlx:resample.obj
 0001:00043230       _pre_resample              004435f0 f   libsdlx:resample.obj
 0001:00043ba0       _antialiasing              00443f60 f   libsdlx:filter.obj
 0001:00043d90       _AllocLinear               00444150 f   libsdlx:mlutil.obj
 0001:00043dd0       _FreeLinear                00444190 f   libsdlx:mlutil.obj
 0001:00043e00       _speed_to_finetune         004441c0 f   libsdlx:mlutil.obj
 0001:00043ee0       _S3MIT_CreateOrders        004442a0 f   libsdlx:mlutil.obj
 0001:00043fa0       _UniEffect                 00444360 f   libsdlx:mlutil.obj
 0001:00043ff0       _UniPTEffect               004443b0 f   libsdlx:mlutil.obj
 0001:00044050       _UniVolEffect              00444410 f   libsdlx:mlutil.obj
 0001:00044080       _S3MIT_ProcessCmd          00444440 f   libsdlx:mlutil.obj
 0001:000445d0       _oggpack_writeinit         00444990 f   libsdlx:bitwise.obj
 0001:00044610       _oggpack_write             004449d0 f   libsdlx:bitwise.obj
 0001:00044710       _oggpack_writealign        00444ad0 f   libsdlx:bitwise.obj
 0001:00044730       _oggpack_writeclear        00444af0 f   libsdlx:bitwise.obj
 0001:00044760       _oggpack_readinit          00444b20 f   libsdlx:bitwise.obj
 0001:00044790       _oggpack_look              00444b50 f   libsdlx:bitwise.obj
 0001:00044830       _oggpack_adv               00444bf0 f   libsdlx:bitwise.obj
 0001:00044860       _oggpack_read              00444c20 f   libsdlx:bitwise.obj
 0001:00044920       _oggpack_bytes             00444ce0 f   libsdlx:bitwise.obj
 0001:00044940       __vp_global_free           00444d00 f   libsdlx:psy.obj
 0001:00044970       __vi_psy_free              00444d30 f   libsdlx:psy.obj
 0001:00045690       __vp_psy_init              00445a50 f   libsdlx:psy.obj
 0001:00045c20       __vp_psy_clear             00445fe0 f   libsdlx:psy.obj
 0001:00046bd0       __vp_remove_floor          00446f90 f   libsdlx:psy.obj
 0001:00046cf0       __vp_noisemask             004470b0 f   libsdlx:psy.obj
 0001:00046f10       __vp_tonemask              004472d0 f   libsdlx:psy.obj
 0001:00047070       __vp_offset_and_mix        00447430 f   libsdlx:psy.obj
 0001:000474c0       __vp_quantize_couple_memo  00447880 f   libsdlx:psy.obj
 0001:00047650       __vp_quantize_couple_sort  00447a10 f   libsdlx:psy.obj
 0001:000477b0       __vp_noise_normalize_sort  00447b70 f   libsdlx:psy.obj
 0001:00047860       __vp_noise_normalize       00447c20 f   libsdlx:psy.obj
 0001:00047b60       __vp_couple                00447f20 f   libsdlx:psy.obj
 0001:00047fd0       __ilog                     00448390 f   libsdlx:sharedbook.obj
 0001:00047ff0       __make_words               004483b0 f   libsdlx:sharedbook.obj
 0001:00048170       __book_maptype1_quantvals  00448530 f   libsdlx:sharedbook.obj
 0001:000481e0       __book_unquantize          004485a0 f   libsdlx:sharedbook.obj
 0001:00048430       _vorbis_staticbook_clear   004487f0 f   libsdlx:sharedbook.obj
 0001:00048500       _vorbis_staticbook_destroy 004488c0 f   libsdlx:sharedbook.obj
 0001:00048520       _vorbis_book_clear         004488e0 f   libsdlx:sharedbook.obj
 0001:00048580       _vorbis_book_init_encode   00448940 f   libsdlx:sharedbook.obj
 0001:00048600       _vorbis_book_init_decode   004489c0 f   libsdlx:sharedbook.obj
 0001:00048b40       _vorbis_staticbook_unpack  00448f00 f   libsdlx:codebook.obj
 0001:00048d90       _vorbis_book_encode        00449150 f   libsdlx:codebook.obj
 0001:00048f60       _vorbis_book_decode        00449320 f   libsdlx:codebook.obj
 0001:00048f80       _vorbis_book_decodevs_add  00449340 f   libsdlx:codebook.obj
 0001:00049110       _vorbis_book_decodev_add   004494d0 f   libsdlx:codebook.obj
 0001:00049290       _vorbis_book_decodev_set   00449650 f   libsdlx:codebook.obj
 0001:00049300       _vorbis_book_decodevv_add  004496c0 f   libsdlx:codebook.obj
 0001:0004bea0       _drft_forward              0044c260 f   libsdlx:smallft.obj
 0001:0004bed0       _drft_init                 0044c290 f   libsdlx:smallft.obj
 0001:0004bf20       _drft_clear                0044c2e0 f   libsdlx:smallft.obj
 0001:0004bf60       _mdct_init                 0044c320 f   libsdlx:mdct.obj
 0001:0004ca90       _mdct_clear                0044ce50 f   libsdlx:mdct.obj
 0001:0004cc40       _mdct_backward             0044d000 f   libsdlx:mdct.obj
 0001:0004cfa0       _mdct_forward              0044d360 f   libsdlx:mdct.obj
 0001:0004d370       _vorbis_bitrate_clear      0044d730 f   libsdlx:bitrate.obj
 0001:0004d450       _vorbis_bitrate_managed    0044d810 f   libsdlx:bitrate.obj
 0001:0004d470       __ve_envelope_clear        0044d830 f   libsdlx:envelope.obj
 0001:0004d4e0       __vorbis_window_get        0044d8a0 f   libsdlx:window.obj
 0001:0004d4f0       __vorbis_apply_window      0044d8b0 f   libsdlx:window.obj
 0001:0004e9c0       _res0_free_info            0044ed80 f   libsdlx:res0.obj
 0001:0004e9e0       _res0_free_look            0044eda0 f   libsdlx:res0.obj
 0001:0004ea60       _res0_pack                 0044ee20 f   libsdlx:res0.obj
 0001:0004eb60       _res0_unpack               0044ef20 f   libsdlx:res0.obj
 0001:0004ecb0       _res0_look                 0044f070 f   libsdlx:res0.obj
 0001:0004fbe0       _res0_inverse              0044ffa0 f   libsdlx:res0.obj
 0001:0004fc40       _res1_forward              00450000 f   libsdlx:res0.obj
 0001:0004fe80       _res1_class                00450240 f   libsdlx:res0.obj
 0001:0004fee0       _res1_inverse              004502a0 f   libsdlx:res0.obj
 0001:0004ff40       _res2_class                00450300 f   libsdlx:res0.obj
 0001:0004ff80       _res2_forward              00450340 f   libsdlx:res0.obj
 0001:00050210       _res2_inverse              004505d0 f   libsdlx:res0.obj
 0001:00051300       _floor1_fit                004516c0 f   libsdlx:floor1.obj
 0001:000517d0       _floor1_interpolate_fit    00451b90 f   libsdlx:floor1.obj
 0001:00051880       _floor1_encode             00451c40 f   libsdlx:floor1.obj
 0001:00052820       _vorbis_lsp_to_curve       00452be0 f   libsdlx:lsp.obj
 0001:00052ad0       _TTF_Init                  00452e90 f   sdl_ttf:SDL_ttf.obj
 0001:000531c0       _TTF_CloseFont             00453580 f   sdl_ttf:SDL_ttf.obj
 0001:00053210       _TTF_SizeUNICODE           004535d0 f   sdl_ttf:SDL_ttf.obj
 0001:00053380       _TTF_RenderUNICODE_Blended 00453740 f   sdl_ttf:SDL_ttf.obj
 0001:000535f0       _TTF_Quit                  004539b0 f   sdl_ttf:SDL_ttf.obj
 0001:00053610       _TTF_OpenFontIndexRW       004539d0 f   sdl_ttf:SDL_ttf.obj
 0001:000538e0       _TTF_OpenFont              00453ca0 f   sdl_ttf:SDL_ttf.obj
 0001:00053910       _TTF_RenderText_Blended    00453cd0 f   sdl_ttf:SDL_ttf.obj
 0001:000539a0       _FT_Add_Default_Modules    00453d60 f   sdl_ttf:ftinit.obj
 0001:000539d0       _FT_Init_FreeType          00453d90 f   sdl_ttf:ftinit.obj
 0001:00053a20       _FT_Done_FreeType          00453de0 f   sdl_ttf:ftinit.obj
 0001:00053a40       _FT_Alloc                  00453e00 f   sdl_ttf:ftbase.obj
 0001:00053a90       _FT_Free                   00453e50 f   sdl_ttf:ftbase.obj
 0001:00053ac0       _FT_List_Find              00453e80 f   sdl_ttf:ftbase.obj
 0001:00053ae0       _FT_List_Add               00453ea0 f   sdl_ttf:ftbase.obj
 0001:00053b10       _FT_List_Remove            00453ed0 f   sdl_ttf:ftbase.obj
 0001:00053b40       _FT_List_Up                00453f00 f   sdl_ttf:ftbase.obj
 0001:00053b90       _FT_List_Finalize          00453f50 f   sdl_ttf:ftbase.obj
 0001:00053be0       _FT_Stream_Close           00453fa0 f   sdl_ttf:ftbase.obj
 0001:00053c00       _FT_Stream_Seek            00453fc0 f   sdl_ttf:ftbase.obj
 0001:00053c40       _FT_Stream_Skip            00454000 f   sdl_ttf:ftbase.obj
 0001:00053c80       _FT_Stream_Pos             00454040 f   sdl_ttf:ftbase.obj
 0001:00053c90       _FT_Stream_ReadAt          00454050 f   sdl_ttf:ftbase.obj
 0001:00053d20       _FT_Stream_ReleaseFrame    004540e0 f   sdl_ttf:ftbase.obj
 0001:00053d60       _FT_Stream_EnterFrame      00454120 f   sdl_ttf:ftbase.obj
 0001:00053e00       _FT_Stream_ExitFrame       004541c0 f   sdl_ttf:ftbase.obj
 0001:00053e30       _FT_Stream_GetChar         004541f0 f   sdl_ttf:ftbase.obj
 0001:00053e50       _FT_Stream_GetShort        00454210 f   sdl_ttf:ftbase.obj
 0001:00053e80       _FT_Stream_GetShortLE      00454240 f   sdl_ttf:ftbase.obj
 0001:00053eb0       _FT_Stream_GetLong         00454270 f   sdl_ttf:ftbase.obj
 0001:00053ef0       _FT_Stream_GetLongLE       004542b0 f   sdl_ttf:ftbase.obj
 0001:00053f30       _FT_Stream_ReadChar        004542f0 f   sdl_ttf:ftbase.obj
 0001:00053fa0       _FT_Stream_ReadShort       00454360 f   sdl_ttf:ftbase.obj
 0001:00054010       _FT_Stream_ReadShortLE     004543d0 f   sdl_ttf:ftbase.obj
 0001:00054080       _FT_Stream_ReadOffset      00454440 f   sdl_ttf:ftbase.obj
 0001:00054100       _FT_Stream_ReadLong        004544c0 f   sdl_ttf:ftbase.obj
 0001:00054180       _FT_Stream_ReadLongLE      00454540 f   sdl_ttf:ftbase.obj
 0001:00054200       _FT_Stream_ReadFields      004545c0 f   sdl_ttf:ftbase.obj
 0001:000543f0       _FT_RoundFix               004547b0 f   sdl_ttf:ftbase.obj
 0001:00054420       _FT_MulDiv                 004547e0 f   sdl_ttf:ftbase.obj
 0001:00054480       _FT_MulFix                 00454840 f   sdl_ttf:ftbase.obj
 0001:000544c0       _FT_DivFix                 00454880 f   sdl_ttf:ftbase.obj
 0001:00054520       _FT_SqrtFixed              004548e0 f   sdl_ttf:ftbase.obj
 0001:00054670       _FT_Atan2                  00454a30 f   sdl_ttf:ftbase.obj
 0001:000546b0       _FT_Angle_Diff             00454a70 f   sdl_ttf:ftbase.obj
 0001:000546e0       _FT_Outline_Decompose      00454aa0 f   sdl_ttf:ftbase.obj
 0001:00054aa0       _FT_Outline_Check          00454e60 f   sdl_ttf:ftbase.obj
 0001:00054b00       _FT_Outline_Copy           00454ec0 f   sdl_ttf:ftbase.obj
 0001:00054b90       _FT_Outline_Done_Internal  00454f50 f   sdl_ttf:ftbase.obj
 0001:00054c40       _FT_Outline_Done           00455000 f   sdl_ttf:ftbase.obj
 0001:00054c60       _FT_Outline_Get_CBox       00455020 f   sdl_ttf:ftbase.obj
 0001:00054cf0       _FT_Outline_Translate      004550b0 f   sdl_ttf:ftbase.obj
 0001:00054d40       _FT_Vector_Transform       00455100 f   sdl_ttf:ftbase.obj
 0001:00054e50       _FT_Outline_Transform      00455210 f   sdl_ttf:ftbase.obj
 0001:00054e90       _FT_GlyphLoader_New        00455250 f   sdl_ttf:ftbase.obj
 0001:00054ed0       _FT_GlyphLoader_Rewind     00455290 f   sdl_ttf:ftbase.obj
 0001:00054f00       _FT_GlyphLoader_Reset      004552c0 f   sdl_ttf:ftbase.obj
 0001:00054fb0       _FT_GlyphLoader_Done       00455370 f   sdl_ttf:ftbase.obj
 0001:00055010       _FT_GlyphLoader_CreateExtra 004553d0 f   sdl_ttf:ftbase.obj
 0001:000550a0       _FT_GlyphLoader_Prepare    00455460 f   sdl_ttf:ftbase.obj
 0001:00055100       _FT_GlyphLoader_Add        004554c0 f   sdl_ttf:ftbase.obj
 0001:000551a0       _ft_validator_init         00455560 f   sdl_ttf:ftbase.obj
 0001:000551c0       _ft_validator_error        00455580 f   sdl_ttf:ftbase.obj
 0001:000553d0       _ft_glyphslot_free_bitmap  00455790 f   sdl_ttf:ftbase.obj
 0001:00055420       _ft_glyphslot_set_bitmap   004557e0 f   sdl_ttf:ftbase.obj
 0001:00055440       _ft_glyphslot_alloc_bitmap 00455800 f   sdl_ttf:ftbase.obj
 0001:000555d0       _FT_New_GlyphSlot          00455990 f   sdl_ttf:ftbase.obj
 0001:00055660       _FT_Done_GlyphSlot         00455a20 f   sdl_ttf:ftbase.obj
 0001:00055950       _FT_New_Size               00455d10 f   sdl_ttf:ftbase.obj
 0001:00055a60       _FT_Done_Size              00455e20 f   sdl_ttf:ftbase.obj
 0001:00055c20       _FT_Set_Char_Size          00455fe0 f   sdl_ttf:ftbase.obj
 0001:00055d70       _FT_Set_Pixel_Sizes        00456130 f   sdl_ttf:ftbase.obj
 0001:00055e40       _FT_Select_Charmap         00456200 f   sdl_ttf:ftbase.obj
 0001:00055ea0       _FT_Set_Charmap            00456260 f   sdl_ttf:ftbase.obj
 0001:00055ef0       _FT_CMap_Done              004562b0 f   sdl_ttf:ftbase.obj
 0001:00055f20       _FT_Get_Char_Index         004562e0 f   sdl_ttf:ftbase.obj
 0001:00055f40       _FT_Activate_Size          00456300 f   sdl_ttf:ftbase.obj
 0001:00055f70       _FT_Lookup_Renderer        00456330 f   sdl_ttf:ftbase.obj
 0001:000561b0       _FT_Set_Renderer           00456570 f   sdl_ttf:ftbase.obj
 0001:00056250       _FT_Render_Glyph_Internal  00456610 f   sdl_ttf:ftbase.obj
 0001:00056340       _FT_Render_Glyph           00456700 f   sdl_ttf:ftbase.obj
 0001:00056370       _FT_Get_Module             00456730 f   sdl_ttf:ftbase.obj
 0001:000563f0       _FT_Get_Module_Interface   004567b0 f   sdl_ttf:ftbase.obj
 0001:00056410       _FT_New_Library            004567d0 f   sdl_ttf:ftbase.obj
 0001:000564a0       _FT_Realloc                00456860 f   sdl_ttf:ftbase.obj
 0001:00056530       _FT_Stream_Read            004568f0 f   sdl_ttf:ftbase.obj
 0001:00056550       _FT_Stream_ExtractFrame    00456910 f   sdl_ttf:ftbase.obj
 0001:00056580       _FT_Outline_New_Internal   00456940 f   sdl_ttf:ftbase.obj
 0001:00056660       _FT_Outline_New            00456a20 f   sdl_ttf:ftbase.obj
 0001:00056680       _FT_GlyphLoader_CheckPoints 00456a40 f   sdl_ttf:ftbase.obj
 0001:00056760       _FT_GlyphLoader_CheckSubGlyphs 00456b20 f   sdl_ttf:ftbase.obj
 0001:000567c0       _FT_GlyphLoader_CopyPoints 00456b80 f   sdl_ttf:ftbase.obj
 0001:000568c0       _FT_Load_Glyph             00456c80 f   sdl_ttf:ftbase.obj
 0001:00057610       _FT_Done_Face              004579d0 f   sdl_ttf:ftbase.obj
 0001:00057680       _FT_CMap_New               00457a40 f   sdl_ttf:ftbase.obj
 0001:00057800       _FT_Remove_Module          00457bc0 f   sdl_ttf:ftbase.obj
 0001:00057870       _FT_Done_Library           00457c30 f   sdl_ttf:ftbase.obj
 0001:000578f0       _FT_Open_Face              00457cb0 f   sdl_ttf:ftbase.obj
 0001:00057c00       _FT_Add_Module             00457fc0 f   sdl_ttf:ftbase.obj
 0001:00057de0       _FT_New_Memory_Face        004581a0 f   sdl_ttf:ftbase.obj
 0001:00062ac0       _gray_raster_render        00462e80 f   sdl_ttf:smooth.obj
 0001:0006da00       _ps_hints_apply            0046ddc0 f   sdl_ttf:pshinter.obj
 0001:000735f0       _BitOrderInvert            004739b0 f   sdl_ttf:pcf.obj
 0001:00073610       _TwoByteSwap               004739d0 f   sdl_ttf:pcf.obj
 0001:00073640       _FourByteSwap              00473a00 f   sdl_ttf:pcf.obj
 0001:000759d0       _IMG_isXCF                 00475d90 f   sdl_image:IMG_xcf.obj
 0001:000759d0       _SDL_LockYUV_SW            00475d90 f   libsdlx:SDL_yuv_sw.obj
 0001:000759d0       _IMG_LoadTIF_RW            00475d90 f   sdl_image:IMG_tif.obj
 0001:000759d0       _IMG_LoadXCF_RW            00475d90 f   sdl_image:IMG_xcf.obj
 0001:000759d0       _SDL_QuitInit              00475d90 f   libsdlx:SDL_quit.obj
 0001:000759d0       _IMG_isTIF                 00475d90 f   sdl_image:IMG_tif.obj
 0001:0007d970       _jpeg_get_large            0047dd30 f   sdl_image:jmemansi.obj
 0001:0007d970       _jpeg_get_small            0047dd30 f   sdl_image:jmemansi.obj
 0001:0007d9f0       _FT_Stream_Open            0047ddb0 f   sdl_ttf:ftsystem.obj
 0001:0007da70       _FT_New_Memory             0047de30 f   sdl_ttf:ftsystem.obj
 0001:0007daa0       _FT_Done_Memory            0047de60 f   sdl_ttf:ftsystem.obj
 0001:00080290       _FT_Stream_OpenGzip        00480650 f   sdl_ttf:ftgzip.obj
 0001:00080340       _FT_Matrix_Invert          00480700 f   sdl_ttf:ftglyph.obj
[...]
 0001:0008d7e0       _create_colorindex         0048dba0 f   sdl_image:jquant1.obj
 0001:0008d950       _make_odither_array        0048dd10 f   sdl_image:jquant1.obj
 0001:0008d9d0       _create_odither_tables     0048dd90 f   sdl_image:jquant1.obj
 0001:0008da20       _color_quantize            0048dde0 f   sdl_image:jquant1.obj
 0001:0008dad0       _color_quantize3           0048de90 f   sdl_image:jquant1.obj
 0001:0008db90       _quantize_ord_dither       0048df50 f   sdl_image:jquant1.obj
 0001:0008dcc0       _quantize3_ord_dither      0048e080 f   sdl_image:jquant1.obj
 0001:0008dde0       _quantize_fs_dither        0048e1a0 f   sdl_image:jquant1.obj
 0001:0008dfa0       _alloc_fs_workspace        0048e360 f   sdl_image:jquant1.obj
 0001:0008dfe0       _start_pass_1_quant        0048e3a0 f   sdl_image:jquant1.obj
 0001:0008e0d0       _new_color_map_1_quant     0048e490 f   sdl_image:jquant1.obj
 0001:0008e190       _ft_free                   0048e550 f   sdl_image:jmemansi.obj
 0001:0008e1b0       _read_backing_store        0048e570 f   sdl_image:jmemansi.obj
 0001:0008e220       _write_backing_store       0048e5e0 f   sdl_image:jmemansi.obj
 0001:0008e290       _close_backing_store       0048e650 f   sdl_image:jmemansi.obj
 0001:00091c60       ?Match4@@YA_NQBE00@Z       00492020 f   libsmpegx:MPEGsystem.obj
 0001:00093020       ?audio_header@@YAIPAEPAIPAN@Z 004933e0 f   libsmpegx:MPEGsystem.obj
 0001:000931e0       ?sequence_header@@YAIPAEIPAN@Z 004935a0 f   libsmpegx:MPEGsystem.obj
 0001:00093310       ?gop_header@@YAIPAEIPAN@Z  004936d0 f   libsmpegx:MPEGsystem.obj
 0001:00093430       ?slice_header@@YAIPAEI@Z   004937f0 f   libsmpegx:MPEGsystem.obj
 0001:000934a0       ?packet_header@@YAIPAEIPAN@Z 00493860 f   libsmpegx:MPEGsystem.obj
 0001:00093520       ?read_time_code@@YANPAE@Z  004938e0 f   libsmpegx:MPEGsystem.obj
 0001:000935c0       ?stream_header@@YAIPAEIPAI0PANN@Z 00493980 f   libsmpegx:MPEGsystem.obj
 0001:00094bc0       ?system_aligned@@YA_NPAEI@Z 00494f80 f   libsmpegx:MPEGsystem.obj
 0001:0009be90       ?dct36@@YAXPAM0000@Z       0049c250 f   libsmpegx:mpeglayer3.obj
 0001:0009c8b0       ?dct12@@YAXPAM0000@Z       0049cc70 f   libsmpegx:mpeglayer3.obj
 0001:000a0c70       _filter_destroy            004a1030 f   libsmpegx:MPEGfilter.obj
 0001:000a0ca0       _filter_null_callback      004a1060 f   libsmpegx:MPEGfilter.obj
 0001:000a1f10       ?ParseSeqHead@@YAHPAUvid_stream@@@Z 004a22d0 f   libsmpegx:video.obj
 0001:000a2e80       ?ParseGOP@@YAHPAUvid_stream@@@Z 004a3240 f   libsmpegx:video.obj
 0001:000a3800       ?ParsePicture@@YAHPAUvid_stream@@N@Z 004a3bc0 f   libsmpegx:video.obj
 0001:000a42e0       ?ParseSlice@@YAHPAUvid_stream@@@Z 004a46a0 f   libsmpegx:video.obj
 0001:000a46b0       ?ParseMacroBlock@@YAHPAUvid_stream@@@Z 004a4a70 f   libsmpegx:video.obj
 0001:000a6010       ?ReconIMBlock@@YAXPAUvid_stream@@H@Z 004a63d0 f   libsmpegx:video.obj
 0001:000a6500       ?ReconPMBlock@@YAXPAUvid_stream@@HHHH@Z 004a68c0 f   libsmpegx:video.obj
 0001:000a8740       ?ReconBMBlock@@YAXPAUvid_stream@@HHHH@Z 004a8b00 f   libsmpegx:video.obj
 0001:000aa860       ?ReconBiMBlock@@YAXPAUvid_stream@@HHHHHH@Z 004aac20 f   libsmpegx:video.obj
 0001:000ab7b0       ?ProcessSkippedPFrameMBlocks@@YAXPAUvid_stream@@@Z 004abb70 f   libsmpegx:video.obj
 0001:000abaa0       ?ProcessSkippedBFrameMBlocks@@YAXPAUvid_stream@@@Z 004abe60 f   libsmpegx:video.obj
 0001:000acee0       ?ReconSkippedBlock@@YAXPAE0HHHHHHHH@Z 004ad2a0 f   libsmpegx:video.obj
 0001:000ad5e0       ?DoPictureDisplay@@YAXPAUvid_stream@@@Z 004ad9a0 f   libsmpegx:video.obj
 0001:000af1c0       ?init_mb_addr_inc@@YAXXZ   004af580 f   libsmpegx:decoders.obj
 0001:000af5b0       ?init_mb_type_P@@YAXXZ     004af970 f   libsmpegx:decoders.obj
 0001:000af950       ?init_mb_type_B@@YAXXZ     004afd10 f   libsmpegx:decoders.obj
 0001:000afee0       ?init_motion_vectors@@YAXXZ 004b02a0 f   libsmpegx:decoders.obj
 0001:000c9a81       ?CatchGuardHandler@@YA?AW4_EXCEPTION_DISPOSITION@@PAUEHExceptionRecord@@PAUCatchGuardRN@@PAX2@Z 004c9e41 f   LIBCMT:trnsctrl.obj
 0001:000c9b83       ?TranslatorGuardHandler@@YA?AW4_EXCEPTION_DISPOSITION@@PAUEHExceptionRecord@@PAUTranslatorGuardRN@@PAX2@Z 004c9f43 f   LIBCMT:trnsctrl.obj
 0001:000c9dc0       __unwind_handler           004ca180 f   LIBCMT:exsup.obj
 0001:000ca087       _report_failure            004ca447 f   LIBCMT:secchk.obj
 0001:000ca427       _doexit                    004ca7e7 f   LIBCMT:crt0dat.obj
 0001:000ca58e       _flsall                    004ca94e f   LIBCMT:fflush.obj
 0001:000ca867       __onexit_lk                004cac27 f   LIBCMT:onexit.obj
 0001:000cbc80       _shortsort                 004cc040 f   LIBCMT:qsort.obj
 0001:000cc5a5       _strtoxl                   004cc965 f   LIBCMT:strtol.obj
 0001:000cc7b6       _init_namebuf              004ccb76 f   LIBCMT:tmpfile.obj
 0001:000cc819       _genfname                  004ccbd9 f   LIBCMT:tmpfile.obj
 0001:000cd52e       __shift                    004cd8ee f   LIBCMT:cvt.obj
 0001:000cd551       __cftoe2                   004cd911 f   LIBCMT:cvt.obj
 0001:000cd658       __cftof2                   004cda18 f   LIBCMT:cvt.obj
 0001:000cd841       ?TypeMatch@@YAHPBU_s_HandlerType@@PBU_s_CatchableType@@PBU_s_ThrowInfo@@@Z 004cdc01 f   LIBCMT:frame.obj
 0001:000cd8b3       ?FrameUnwindFilter@@YAHPAU_EXCEPTION_POINTERS@@@Z 004cdc73 f   LIBCMT:frame.obj
 0001:000cd9e4       ?AdjustPointer@@YAPAXPAXABUPMD@@@Z 004cdda4 f   LIBCMT:frame.obj
 0001:000cda03       ?CallCatchBlock@@YAPAXPAUEHExceptionRecord@@PAUEHRegistrationNode@@PAU_CONTEXT@@PBU_s_FuncInfo@@PAXHK@Z 004cddc3 f   LIBCMT:frame.obj
 0001:000cdbaa       ?BuildCatchObject@@YAXPAUEHExceptionRecord@@PAXPBU_s_HandlerType@@PBU_s_CatchableType@@@Z 004cdf6a f   LIBCMT:frame.obj
 0001:000cdd26       ?CatchIt@@YAXPAUEHExceptionRecord@@PAUEHRegistrationNode@@PAU_CONTEXT@@PAXPBU_s_FuncInfo@@PBU_s_HandlerType@@PBU_s_CatchableType@@PBU_s_TryBlockMapEntry@@H1E@Z 004ce0e6 f   LIBCMT:frame.obj
 0001:000cdd8d       ?FindHandlerForForeignException@@YAXPAUEHExceptionRecord@@PAUEHRegistrationNode@@PAU_CONTEXT@@PAXPBU_s_FuncInfo@@HH1@Z 004ce14d f   LIBCMT:frame.obj
 0001:000cde4b       ?FindHandler@@YAXPAUEHExceptionRecord@@PAUEHRegistrationNode@@PAU_CONTEXT@@PAXPBU_s_FuncInfo@@EH1@Z 004ce20b f   LIBCMT:frame.obj
 0001:000ce620       _write_char                004ce9e0 f   LIBCMT:output.obj
 0001:000ce653       _write_multi_char          004cea13 f   LIBCMT:output.obj
 0001:000ce677       _write_string              004cea37 f   LIBCMT:output.obj
 0001:000cf9bc       __hextodec                 004cfd7c f   LIBCMT:input.obj
 0001:000cf9ee       __inc                      004cfdae f   LIBCMT:input.obj
 0001:000d1dd9       _xtoa                      004d2199 f   LIBCMT:xtoa.obj
 0001:000d1f79       __tsopen_lk                004d2339 f   LIBCMT:open.obj
 0001:000d235e       _write_char                004d271e f   LIBCMT:woutput.obj
 0001:000d2383       _write_multi_char          004d2743 f   LIBCMT:woutput.obj
 0001:000d23a8       _write_string              004d2768 f   LIBCMT:woutput.obj
 0001:000d344d       __abstract_cw              004d380d f   LIBCMT:ieee87.obj
 0001:000d34df       __hw_cw                    004d389f f   LIBCMT:ieee87.obj
 0001:000d3602       _setSBCS                   004d39c2 f   LIBCMT:mbctype.obj
 0001:000d369c       __setmbcp_lk               004d3a5c f   LIBCMT:mbctype.obj
 0001:000d391e       ___crtInitCritSecNoSpinCount@8 004d3cde f   LIBCMT:initcrit.obj
 0001:000d4cf0       _Color16DitherYV12Mod1X    004d50b0 f   libsdlx:SDL_yuv_sw.obj
 0001:000d4eb0       _Color24DitherYV12Mod1X    004d5270 f   libsdlx:SDL_yuv_sw.obj
 0001:000d50a0       _Color32DitherYV12Mod1X    004d5460 f   libsdlx:SDL_yuv_sw.obj
 0001:000d5260       _Color16DitherYV12Mod2X    004d5620 f   libsdlx:SDL_yuv_sw.obj
 0001:000d5450       _Color24DitherYV12Mod2X    004d5810 f   libsdlx:SDL_yuv_sw.obj
 0001:000d56e0       _Color32DitherYV12Mod2X    004d5aa0 f   libsdlx:SDL_yuv_sw.obj
 0001:000d58e0       _Color16DitherYUY2Mod1X    004d5ca0 f   libsdlx:SDL_yuv_sw.obj
 0001:000d5a10       _Color24DitherYUY2Mod1X    004d5dd0 f   libsdlx:SDL_yuv_sw.obj
 0001:000d5b60       _Color32DitherYUY2Mod1X    004d5f20 f   libsdlx:SDL_yuv_sw.obj
 0001:000d5c90       _Color16DitherYUY2Mod2X    004d6050 f   libsdlx:SDL_yuv_sw.obj
 0001:000d5dd0       _Color24DitherYUY2Mod2X    004d6190 f   libsdlx:SDL_yuv_sw.obj
 0001:000d5f50       _Color32DitherYUY2Mod2X    004d6310 f   libsdlx:SDL_yuv_sw.obj
 0001:000d6090       _number_of_bits_set        004d6450 f   libsdlx:SDL_yuv_sw.obj
 0001:000d60c0       _free_bits_at_bottom       004d6480 f   libsdlx:SDL_yuv_sw.obj
 0001:000d69f0       _generate_rowbytes         004d6db0 f   libsdlx:SDL_stretch.obj
 0001:000d6f10       $L29957                    004d72d0 f   Furby.obj
 0001:000d6f10       $L29977                    004d72d0 f   Furby.obj
 0001:000d6f10       $L29937                    004d72d0 f   Furby.obj
 0001:000d6f10       $L29907                    004d72d0 f   Furby.obj
 0001:000d6f10       $L30011                    004d72d0 f   Furby.obj
 0001:000d6f10       $L29872                    004d72d0 f   Furby.obj
 0001:000d6f18       __ehhandler$??0SkullShot@@QAE@PAUSDL_Surface@@MMMM@Z 004d72d8 f   Furby.obj
 0001:000d6f18       __ehhandler$??0Skull@@QAE@QAPAUSDL_Surface@@PAU1@MMPAV?$list@PAVSprite@@V?$allocator@PAVSprite@@@std@@@std@@@Z 004d72d8 f   Furby.obj
 0001:000d6f18       __ehhandler$??0SKDeathAnimation@@QAE@QAPAUSDL_Surface@@MM@Z 004d72d8 f   Furby.obj
 0001:000d6f18       __ehhandler$??0DeathAnimation@@QAE@QAPAUSDL_Surface@@MM@Z 004d72d8 f   Furby.obj
 0001:000d6f18       __ehhandler$??0Shot@@QAE@PAUSDL_Surface@@MMMM@Z 004d72d8 f   Furby.obj
 0001:000d6f18       __ehhandler$??0Furby@@QAE@QAPAUSDL_Surface@@PAU1@MMPAV?$list@PAVSprite@@V?$allocator@PAVSprite@@@std@@@std@@@Z 004d72d8 f   Furby.obj
 0001:000d6f30       __ehhandler$?_Copy@?$basic_string@DU?$char_traits@D@std@@V?$allocator@D@2@@std@@IAEXII@Z 004d72f0 f   Furby.obj
 0001:000d6f40       $L31752                    004d7300 f   Furby.obj
 0001:000d6f40       $L31319                    004d7300 f   Furby.obj
 0001:000d6f48       __ehhandler$??0logic_error@std@@QAE@ABV?$basic_string@DU?$char_traits@D@std@@V?$allocator@D@2@@1@@Z 004d7308 f   Furby.obj
 0001:000d6f48       __ehhandler$??0logic_error@std@@QAE@ABV01@@Z 004d7308 f   Furby.obj
 0001:000d6f60       $L31615                    004d7320 f   Furby.obj
 0001:000d6f68       __ehhandler$?_Incsize@?$list@PAVSprite@@V?$allocator@PAVSprite@@@std@@@std@@IAEXI@Z 004d7328 f   Furby.obj
 0001:000d6f80       $L31979                    004d7340 f   Furby.obj
 0001:000d6f80       $L31945                    004d7340 f   Furby.obj
 0001:000d6f8b       __ehhandler$?Update@Skull@@UAEXPAVRaycaster@@@Z 004d734b f   Furby.obj
 0001:000d6f8b       __ehhandler$?Update@Furby@@UAEXPAVRaycaster@@@Z 004d734b f   Furby.obj
 0001:000d6fa0       $L28377                    004d7360 f   Main.obj
 0001:000d6fae       $L28378                    004d736e f   Main.obj
 0001:000d6fbc       $L28379                    004d737c f   Main.obj
 0001:000d6fca       $L28380                    004d738a f   Main.obj
 0001:000d6fd8       __ehhandler$_main          004d7398 f   Main.obj
 0001:000d6ff0       $L34862                    004d73b0 f   Raycaster.obj
 0001:000d6ff0       $L35110                    004d73b0 f   Raycaster.obj
 0001:000d6ff8       __ehhandler$?_Incsize@?$list@USprDraw@@V?$allocator@USprDraw@@@std@@@std@@IAEXI@Z 004d73b8 f   Raycaster.obj
 0001:000d6ff8       __ehhandler$?_Incsize@?$list@VDoor@@V?$allocator@VDoor@@@std@@@std@@IAEXI@Z 004d73b8 f   Raycaster.obj
 0001:000d7010       $L35792                    004d73d0 f   Raycaster.obj
 0001:000d701e       $L35793                    004d73de f   Raycaster.obj
 0001:000d702c       __ehhandler$??0Raycaster@@QAE@PAURaycasterSetup@@@Z 004d73ec f   Raycaster.obj
 0001:000d7040       $L36712                    004d7400 f   Raycaster.obj
 0001:000d704b       $L36713                    004d740b f   Raycaster.obj
 0001:000d7061       __ehhandler$?sort@?$list@USprDraw@@V?$allocator@USprDraw@@@std@@@std@@QAEXXZ 004d7421 f   Raycaster.obj
 0001:000d7070       $L31408                    004d7430 f   x_Framework.obj
 0001:000d707e       __ehhandler$??0Framework@@QAE@PAUFrameworkSetup@@@Z 004d743e f   x_Framework.obj
 0001:000d7090       $L31531                    004d7450 f   x_Framework.obj
 0001:000d709b       __ehhandler$??1Framework@@QAE@XZ 004d745b f   x_Framework.obj
 0001:000d70b0       $L32115                    004d7470 f   x_Framework.obj
 0001:000d70b8       __ehhandler$?_Incsize@?$list@PAVState@@V?$allocator@PAVState@@@std@@@std@@IAEXI@Z 004d7478 f   x_Framework.obj
 0001:000d70d0       $L35009                    004d7490 f   x_Game.obj
 0001:000d70d8       $L35010                    004d7498 f   x_Game.obj
 0001:000d70e6       __ehhandler$??0Game@@QAE@PBD_N1@Z 004d74a6 f   x_Game.obj
 0001:000d70f0       $L35890                    004d74b0 f   x_Game.obj
 0001:000d70f8       __ehhandler$?_Incsize@?$list@UTextMessage@@V?$allocator@UTextMessage@@@std@@@std@@IAEXI@Z 004d74b8 f   x_Game.obj
 0001:000d7110       $L36547                    004d74d0 f   x_Game.obj
 0001:000d711b       $L36548                    004d74db f   x_Game.obj
 0001:000d7126       $L36549                    004d74e6 f   x_Game.obj
 0001:000d7131       $L36550                    004d74f1 f   x_Game.obj
 0001:000d713c       $L36551                    004d74fc f   x_Game.obj
 0001:000d7147       $L36552                    004d7507 f   x_Game.obj
 0001:000d7152       $L36553                    004d7512 f   x_Game.obj
 0001:000d715d       $L36554                    004d751d f   x_Game.obj
 0001:000d7168       __ehhandler$?LoadSpriteMap@Game@@AAEXPBD@Z 004d7528 f   x_Game.obj
 0001:000d7180       $L36655                    004d7540 f   x_Game.obj
 0001:000d718e       __ehhandler$?NextMap@Game@@AAEXXZ 004d754e f   x_Game.obj
 0001:000d71a0       $L37103                    004d7560 f   x_Game.obj
 0001:000d71ae       $L37104                    004d756e f   x_Game.obj
 0001:000d71bc       __ehhandler$?Init@Game@@UAEXXZ 004d757c f   x_Game.obj
 0001:000d71d0       $L37146                    004d7590 f   x_Game.obj
 0001:000d71db       $L37147                    004d759b f   x_Game.obj
 0001:000d71e6       __ehhandler$?Update@Game@@UAEXXZ 004d75a6 f   x_Game.obj
 0001:000d71f0       $L42131                    004d75b0 f   x_Game.obj
 0001:000d71fe       $L42133                    004d75be f   x_Game.obj
 0001:000d7209       $L42134                    004d75c9 f   x_Game.obj
 0001:000d7214       __ehhandler$?Shoot@Game@@AAEXXZ 004d75d4 f   x_Game.obj
 0001:000d7220       $L4363                     004d75e0 f   libsmpegx:MPEG.obj
 0001:000d722b       __ehhandler$?Init@MPEG@@QAEXPAUSDL_RWops@@_N@Z 004d75eb f   libsmpegx:MPEG.obj
 0001:000d7240       $L4488                     004d7600 f   libsmpegx:MPEG.obj
 0001:000d724b       $L4489                     004d760b f   libsmpegx:MPEG.obj
 0001:000d7256       __ehhandler$?parse_stream_list@MPEG@@IAEXXZ 004d7616 f   libsmpegx:MPEG.obj
 0001:000d7260       $L4520                     004d7620 f   libsmpegx:MPEGsystem.obj
 0001:000d726b       __ehhandler$??0MPEGsystem@@QAE@PAUSDL_RWops@@@Z 004d762b f   libsmpegx:MPEGsystem.obj
 0001:000d7280       $L4582                     004d7640 f   libsmpegx:MPEGsystem.obj
 0001:000d728b       $L4583                     004d764b f   libsmpegx:MPEGsystem.obj
 0001:000d7296       $L4584                     004d7656 f   libsmpegx:MPEGsystem.obj
 0001:000d72a1       $L4585                     004d7661 f   libsmpegx:MPEGsystem.obj
 0001:000d72ac       __ehhandler$?FillBuffer@MPEGsystem@@MAEEXZ 004d766c f   libsmpegx:MPEGsystem.obj
 0001:000d72c0       $L4041                     004d7680 f   libsmpegx:MPEGstream.obj
 0001:000d72cb       __ehhandler$??0MPEGstream@@QAE@PAVMPEGsystem@@E@Z 004d768b f   libsmpegx:MPEGstream.obj
 0001:000d72e0       $L4101                     004d76a0 f   libsmpegx:MPEGstream.obj
 0001:000d72eb       __ehhandler$?reset_stream@MPEGstream@@QAEXXZ 004d76ab f   libsmpegx:MPEGstream.obj
 0001:000d7300       $L3109                     004d76c0 f   libsmpegx:MPEGaudio.obj
 0001:000d730b       __ehhandler$?StartDecoding@MPEGaudio@@IAEXXZ 004d76cb f   libsmpegx:MPEGaudio.obj
 0001:000d7320       $L2061                     004d76e0 f   libsmpegx:MPEGlist.obj
 0001:000d732b       __ehhandler$?Alloc@MPEGlist@@QAEPAV1@I@Z 004d76eb f   libsmpegx:MPEGlist.obj
 0001:000d7335       $L11407                    004d76f5 f   libcpmt:string.obj
 0001:000d7335       $L11202                    004d76f5 f   libcpmt:string.obj
 0001:000d733d       __ehhandler$?_Xlen@_String_base@std@@QBEXXZ 004d76fd f   libcpmt:string.obj
 0001:000d733d       __ehhandler$?_Xran@_String_base@std@@QBEXXZ 004d76fd f   libcpmt:string.obj
 0001:000d7350       _$E1                       004d7710 f   libsmpegx:mpeglayer3.obj
 0001:000d7370       _$E3                       004d7730 f   libsmpegx:mpeglayer3.obj
 0001:000d7390       _$E19                      004d7750 f   x_Game.obj
 0001:000d73e4       _$E2                       004d77a4 f   libcpmt:nomemory.obj
 0002:00002850       ?SwapSaveState@D3D@@YGXPAUSwapSavedState@1@@Z 004da010 f   d3d8:present.obj
 0002:00002930       ?SwapFirstFlip@D3D@@YGXPAVCDevice@1@@Z 004da0f0 f   d3d8:present.obj
 0002:00002a50       ?SwapSetState@D3D@@YGXPAUSwapSavedState@1@@Z 004da210 f   d3d8:present.obj
 0002:00002b70       ?SwapRestoreState@D3D@@YGXPAUSwapSavedState@1@@Z 004da330 f   d3d8:present.obj
 0002:00002cf0       ?SwapSaveSurfaces@D3D@@YGXPAVCDevice@1@@Z 004da4b0 f   d3d8:present.obj
 0002:00002d80       ?SwapRestoreSurfaces@D3D@@YGXPAVCDevice@1@@Z 004da540 f   d3d8:present.obj
 0002:00002df0       ?SwapCopyBlt@D3D@@YGXPAVCDevice@1@@Z 004da5b0 f   d3d8:present.obj
 0002:00002f70       ?SwapCopy@D3D@@YGXPAVCDevice@1@K@Z 004da730 f   d3d8:present.obj
 0002:00003160       ?SwapFlip@D3D@@YGXPAVCDevice@1@@Z 004da920 f   d3d8:present.obj
 0002:00003270       ?SwapFinish@D3D@@YGXPAVCDevice@1@@Z 004daa30 f   d3d8:present.obj
 0002:000057f0       ?FindFence@D3D@@YGPAUFence@1@K@Z 004dcfb0 f   d3d8:pusher.obj
 0002:00008ca0       ?GetColorMaterial@D3D@@YGKXZ 004e0460 f   d3d8:lazy.obj
 0002:000099c0       ?SetLightColors@D3D@@YGPCKPCKPBULight@1@KK@Z 004e1180 f   d3d8:lazy.obj
 0002:00009ab0       ?SetSceneAmbientAndMaterialEmission@D3D@@YGPCKPCKK@Z 004e1270 f   d3d8:lazy.obj
 0002:00009c70       ?SetSpecularParameters@D3D@@YGPCKPCK@Z 004e1430 f   d3d8:lazy.obj
 0002:0000c8e0       ?CombinerInput@D3D@@YGKKKK@Z 004e40a0 f   d3d8:combiner.obj
 0003:0000227c       ?png_format_buffer@D3DX@@YAXPAUpng_struct_def@1@PADPBD@Z 004eb61c f   d3dx8:pngerror.obj
 0003:00004e9c       ?huft_build@D3DX@@YAHPAIIIPBI1PAPAUinflate_huft_s@1@0PAU21@00@Z 004ee23c f   d3dx8:inftrees.obj
 0004:0000001f       ??2@YAPAXI@Z               004efa3f f   dsound:dsapi.obj
 0004:000000eb       ?FloatToLong@Math@DirectSound@@YGJM@Z 004efb0b f   dsound:dsapi.obj
 0004:000000eb       ?FloatToLong@Math@DirectSound@@YGJM@Z 004efb0b f   dsound:dsapi.obj
 0004:0000013d       ?lsb@Math@DirectSound@@YIII@Z 004efb5d f   dsound:dsapi.obj
 0004:00001ecd       _$E1                       004f18ed f   dsound:dscommon.obj
 0004:00001ed8       _$E3                       004f18f8 f   dsound:dscommon.obj
 0004:000031c7       _$E1                       004f2be7 f   dsound:heap.obj
 0004:000031d2       _$E3                       004f2bf2 f   dsound:heap.obj
 0004:000031dd       ?and@@YIXPCGG@Z            004f2bfd f   dsound:mcpvoice.obj
 0004:000031dd       ?and@@YIXPCGG@Z            004f2bfd f   dsound:mcpvoice.obj
 0004:000048ac       ?or@@YIXPCGG@Z             004f42cc f   dsound:mcpbuf.obj
 0004:000048ac       ?or@@YIXPCGG@Z             004f42cc f   dsound:mcpbuf.obj
 0004:00005559       ?mBToLinear@@YGMJ@Z        004f4f79 f   dsound:i3dl2.obj
